Archive member included because of file (symbol)

d:/freescale/toolchain/bin/../lib/gcc/arm-none-eabi/4.8.4/armv6-m\libgcc.a(_udivsi3.o)
                              ./Sources/MCU_drivers/Tpm/io_tpm.o (__aeabi_uidiv)
d:/freescale/toolchain/bin/../lib/gcc/arm-none-eabi/4.8.4/armv6-m\libgcc.a(_divsi3.o)
                              ./Sources/SB_Functions/SB_Main.o (__aeabi_idiv)
d:/freescale/toolchain/bin/../lib/gcc/arm-none-eabi/4.8.4/armv6-m\libgcc.a(_dvmd_tls.o)
                              d:/freescale/toolchain/bin/../lib/gcc/arm-none-eabi/4.8.4/armv6-m\libgcc.a(_udivsi3.o) (__aeabi_idiv0)
d:/freescale/toolchain/bin/../lib/gcc/arm-none-eabi/4.8.4/armv6-m\libgcc.a(_arm_cmpdf2.o)
                              ./Sources/HW_drivers/Sensors/Time_of_Flight/TOF.o (__aeabi_dcmpgt)
d:/freescale/toolchain/bin/../lib/gcc/arm-none-eabi/4.8.4/armv6-m\libgcc.a(_arm_cmpsf2.o)
                              ./Sources/Other_functions/io_func.o (__aeabi_fcmplt)
d:/freescale/toolchain/bin/../lib/gcc/arm-none-eabi/4.8.4/armv6-m\libgcc.a(_fixunssfsi.o)
                              ./Sources/HW_drivers/Sensors/Time_of_Flight/TOF.o (__aeabi_f2uiz)
d:/freescale/toolchain/bin/../lib/gcc/arm-none-eabi/4.8.4/armv6-m\libgcc.a(_fixunsdfsi.o)
                              ./Sources/MCU_drivers/Tpm/io_tpm.o (__aeabi_d2uiz)
d:/freescale/toolchain/bin/../lib/gcc/arm-none-eabi/4.8.4/armv6-m\libgcc.a(divsf3.o)
                              ./Sources/HW_drivers/Sensors/Time_of_Flight/TOF.o (__aeabi_fdiv)
d:/freescale/toolchain/bin/../lib/gcc/arm-none-eabi/4.8.4/armv6-m\libgcc.a(eqsf2.o)
                              d:/freescale/toolchain/bin/../lib/gcc/arm-none-eabi/4.8.4/armv6-m\libgcc.a(_arm_cmpsf2.o) (__eqsf2)
d:/freescale/toolchain/bin/../lib/gcc/arm-none-eabi/4.8.4/armv6-m\libgcc.a(gesf2.o)
                              d:/freescale/toolchain/bin/../lib/gcc/arm-none-eabi/4.8.4/armv6-m\libgcc.a(_arm_cmpsf2.o) (__gesf2)
d:/freescale/toolchain/bin/../lib/gcc/arm-none-eabi/4.8.4/armv6-m\libgcc.a(lesf2.o)
                              d:/freescale/toolchain/bin/../lib/gcc/arm-none-eabi/4.8.4/armv6-m\libgcc.a(_arm_cmpsf2.o) (__lesf2)
d:/freescale/toolchain/bin/../lib/gcc/arm-none-eabi/4.8.4/armv6-m\libgcc.a(mulsf3.o)
                              ./Sources/HW_drivers/Sensors/Time_of_Flight/TOF.o (__aeabi_fmul)
d:/freescale/toolchain/bin/../lib/gcc/arm-none-eabi/4.8.4/armv6-m\libgcc.a(subsf3.o)
                              d:/freescale/toolchain/bin/../lib/gcc/arm-none-eabi/4.8.4/armv6-m\libgcc.a(_fixunssfsi.o) (__aeabi_fsub)
d:/freescale/toolchain/bin/../lib/gcc/arm-none-eabi/4.8.4/armv6-m\libgcc.a(fixsfsi.o)
                              d:/freescale/toolchain/bin/../lib/gcc/arm-none-eabi/4.8.4/armv6-m\libgcc.a(_fixunssfsi.o) (__aeabi_f2iz)
d:/freescale/toolchain/bin/../lib/gcc/arm-none-eabi/4.8.4/armv6-m\libgcc.a(floatunsisf.o)
                              ./Sources/HW_drivers/Sensors/Time_of_Flight/TOF.o (__aeabi_ui2f)
d:/freescale/toolchain/bin/../lib/gcc/arm-none-eabi/4.8.4/armv6-m\libgcc.a(divdf3.o)
                              ./Sources/MCU_drivers/Tpm/io_tpm.o (__aeabi_ddiv)
d:/freescale/toolchain/bin/../lib/gcc/arm-none-eabi/4.8.4/armv6-m\libgcc.a(eqdf2.o)
                              d:/freescale/toolchain/bin/../lib/gcc/arm-none-eabi/4.8.4/armv6-m\libgcc.a(_arm_cmpdf2.o) (__eqdf2)
d:/freescale/toolchain/bin/../lib/gcc/arm-none-eabi/4.8.4/armv6-m\libgcc.a(gedf2.o)
                              d:/freescale/toolchain/bin/../lib/gcc/arm-none-eabi/4.8.4/armv6-m\libgcc.a(_arm_cmpdf2.o) (__gedf2)
d:/freescale/toolchain/bin/../lib/gcc/arm-none-eabi/4.8.4/armv6-m\libgcc.a(ledf2.o)
                              d:/freescale/toolchain/bin/../lib/gcc/arm-none-eabi/4.8.4/armv6-m\libgcc.a(_arm_cmpdf2.o) (__ledf2)
d:/freescale/toolchain/bin/../lib/gcc/arm-none-eabi/4.8.4/armv6-m\libgcc.a(muldf3.o)
                              ./Sources/MCU_drivers/Tpm/io_tpm.o (__aeabi_dmul)
d:/freescale/toolchain/bin/../lib/gcc/arm-none-eabi/4.8.4/armv6-m\libgcc.a(subdf3.o)
                              d:/freescale/toolchain/bin/../lib/gcc/arm-none-eabi/4.8.4/armv6-m\libgcc.a(_fixunsdfsi.o) (__aeabi_dsub)
d:/freescale/toolchain/bin/../lib/gcc/arm-none-eabi/4.8.4/armv6-m\libgcc.a(fixdfsi.o)
                              d:/freescale/toolchain/bin/../lib/gcc/arm-none-eabi/4.8.4/armv6-m\libgcc.a(_fixunsdfsi.o) (__aeabi_d2iz)
d:/freescale/toolchain/bin/../lib/gcc/arm-none-eabi/4.8.4/armv6-m\libgcc.a(floatsidf.o)
                              ./Sources/MCU_drivers/Tpm/io_tpm.o (__aeabi_i2d)
d:/freescale/toolchain/bin/../lib/gcc/arm-none-eabi/4.8.4/armv6-m\libgcc.a(floatunsidf.o)
                              ./Sources/MCU_drivers/Tpm/io_tpm.o (__aeabi_ui2d)
d:/freescale/toolchain/bin/../lib/gcc/arm-none-eabi/4.8.4/armv6-m\libgcc.a(extendsfdf2.o)
                              ./Sources/HW_drivers/Sensors/Time_of_Flight/TOF.o (__aeabi_f2d)
d:/freescale/toolchain/bin/../lib/gcc/arm-none-eabi/4.8.4/armv6-m\libgcc.a(_clzsi2.o)
[...]
Memory Configuration

Name             Origin             Length             Attributes
m_interrupts     0x00000000         0x00000100         xr
m_flash_config   0x00000400         0x00000010         xr
m_text           0x00000410         0x0001fbf0         xr
m_data           0x1ffff000         0x00004000         rw
*default*        0x00000000         0xffffffff

Linker script and memory map

LOAD d:/freescale/toolchain/bin/../lib/gcc/arm-none-eabi/4.8.4/armv6-m/crti.o
LOAD d:/freescale/toolchain/bin/../lib/gcc/arm-none-eabi/4.8.4/armv6-m/crtbegin.o
LOAD d:/freescale/toolchain/bin/../lib/gcc/arm-none-eabi/4.8.4/../../../../arm-none-eabi/lib/armv6-m/crt0.o
LOAD ./Sources/System/Scheduler/io_sch.o
LOAD ./Sources/System/Scheduler/io_sch_cnf.o
LOAD ./Sources/System/Os/io_os.o
LOAD ./Sources/System/Error_handling/io_traps.o
LOAD ./Sources/SB_Functions/SB_Main.o
LOAD ./Sources/Other_functions/io_func.o
LOAD ./Sources/MCU_drivers/Wdt/io_wdt.o
LOAD ./Sources/MCU_drivers/Tpm/io_tpm.o
LOAD ./Sources/MCU_drivers/Tpm/io_tpm_cnf.o
LOAD ./Sources/MCU_drivers/Timer/io_tim.o
LOAD ./Sources/MCU_drivers/SPI/io_spi.o
LOAD ./Sources/MCU_drivers/SPI/io_spi_cnf.o
LOAD ./Sources/MCU_drivers/Pcs/io_pcs.o
LOAD ./Sources/MCU_drivers/Pcs/io_pcs_cnf.o
LOAD ./Sources/MCU_drivers/Int/io_int.o
LOAD ./Sources/MCU_drivers/Int/io_int_cnf.o
LOAD ./Sources/MCU_drivers/I2c/io_i2c.o
LOAD ./Sources/MCU_drivers/I2c/io_i2c_cnf.o
LOAD ./Sources/MCU_drivers/Dio/io_dio.o
LOAD ./Sources/MCU_drivers/Car_movement/app_robo_car_movement.o
LOAD ./Sources/MCU_drivers/Asy/io_asy.o
LOAD ./Sources/MCU_drivers/Asy/io_asy_cnf.o
LOAD ./Sources/MCU_drivers/Adc/io_adc.o
LOAD ./Sources/MCU_drivers/Adc/io_adc_cnf.o
LOAD ./Sources/HW_drivers/Stepper_motor/io_smc.o
LOAD ./Sources/HW_drivers/Stepper_motor/io_smc_cnf.o
LOAD ./Sources/HW_drivers/Sensors/Time_of_Flight/TOF.o
LOAD ./Sources/HW_drivers/Sensors/Proximity/io_sens_ir.o
LOAD ./Sources/HW_drivers/Sensors/Accel_Magnet/FX0S8700.o
LOAD ./Sources/HW_drivers/H-bridge/ti8833/io_hbr_cnf_ti8833.o
LOAD ./Sources/HW_drivers/H-bridge/ti8833/io_hbr_ti8833.o
LOAD ./Sources/HW_drivers/DRV8740/drv8740.o
LOAD ./Sources/HW_drivers/Bluetooth/Bluetoth.o
LOAD ./Sources/main.o
LOAD ./Project_Settings/Startup_Code/startup_MKL26Z4.o
LOAD ./Project_Settings/Startup_Code/system_MKL26Z4.o
LOAD d:/freescale/toolchain/bin/../lib/gcc/arm-none-eabi/4.8.4/../../../../arm-none-eabi/lib/armv6-m\libstdc++_s.a
LOAD d:/freescale/toolchain/bin/../lib/gcc/arm-none-eabi/4.8.4/../../../../arm-none-eabi/lib/armv6-m\libm.a
START GROUP
LOAD d:/freescale/toolchain/bin/../lib/gcc/arm-none-eabi/4.8.4/armv6-m\libgcc.a
LOAD d:/freescale/toolchain/bin/../lib/gcc/arm-none-eabi/4.8.4/../../../../arm-none-eabi/lib/armv6-m\libg_s.a
LOAD d:/freescale/toolchain/bin/../lib/gcc/arm-none-eabi/4.8.4/../../../../arm-none-eabi/lib/armv6-m\libc_s.a
END GROUP
START GROUP
LOAD d:/freescale/toolchain/bin/../lib/gcc/arm-none-eabi/4.8.4/armv6-m\libgcc.a
LOAD d:/freescale/toolchain/bin/../lib/gcc/arm-none-eabi/4.8.4/../../../../arm-none-eabi/lib/armv6-m\libc_s.a
LOAD d:/freescale/toolchain/bin/../lib/gcc/arm-none-eabi/4.8.4/../../../../arm-none-eabi/lib/armv6-m\libnosys.a
END GROUP
START GROUP
LOAD d:/freescale/toolchain/bin/../lib/gcc/arm-none-eabi/4.8.4/armv6-m\libgcc.a
LOAD d:/freescale/toolchain/bin/../lib/gcc/arm-none-eabi/4.8.4/../../../../arm-none-eabi/lib/armv6-m\libc_s.a
LOAD d:/freescale/toolchain/bin/../lib/gcc/arm-none-eabi/4.8.4/../../../../arm-none-eabi/lib/armv6-m\libnosys.a
END GROUP
LOAD d:/freescale/toolchain/bin/../lib/gcc/arm-none-eabi/4.8.4/armv6-m/crtend.o
LOAD d:/freescale/toolchain/bin/../lib/gcc/arm-none-eabi/4.8.4/armv6-m/crtn.o
                0x00000400                HEAP_SIZE = DEFINED (__heap_size__)?__heap_size__:0x400
                0x00000400                STACK_SIZE = DEFINED (__stack_size__)?__stack_size__:0x400

.interrupts     0x00000000       0xc0
                0x00000000                __VECTOR_TABLE = .
                0x00000000                . = ALIGN (0x4)
 *(.isr_vector)
 .isr_vector    0x00000000       0xc0 ./Project_Settings/Startup_Code/startup_MKL26Z4.o
                0x00000000                __isr_vector
                0x000000c0                . = ALIGN (0x4)

.flash_config   0x00000400       0x10
                0x00000400                . = ALIGN (0x4)
 *(.FlashConfig)
 .FlashConfig   0x00000400       0x10 ./Project_Settings/Startup_Code/startup_MKL26Z4.o
                0x00000410                . = ALIGN (0x4)

.text           0x00000410     0x6f8c
                0x00000410                . = ALIGN (0x4)
 *(.text)
 .text          0x00000410       0x60 d:/freescale/toolchain/bin/../lib/gcc/arm-none-eabi/4.8.4/armv6-m/crtbegin.o
 .text          0x00000470       0x78 d:/freescale/toolchain/bin/../lib/gcc/arm-none-eabi/4.8.4/../../../../arm-none-eabi/lib/armv6-m/crt0.o
                0x00000470                _start
                0x00000470                _mainCRTStartup
 .text          0x000004e8       0x48 ./Project_Settings/Startup_Code/startup_MKL26Z4.o
                0x000004e8                Reset_Handler
                0x00000528                Reserved20_IRQHandler
                0x00000528                LLW_IRQHandler
                0x00000528                Reserved45_IRQHandler
                0x00000528                DefaultISR
 .text          0x00000530       0x9c d:/freescale/toolchain/bin/../lib/gcc/arm-none-eabi/4.8.4/armv6-m\libgcc.a(_udivsi3.o)
                0x00000530                __aeabi_uidiv
                0x00000530                __udivsi3
                0x000005b8                __aeabi_uidivmod
 .text          0x000005cc       0xc0 d:/freescale/toolchain/bin/../lib/gcc/arm-none-eabi/4.8.4/armv6-m\libgcc.a(_divsi3.o)
                0x000005cc                __divsi3
                0x000005cc                __aeabi_idiv
                0x00000678                __aeabi_idivmod
 .text          0x0000068c        0x4 d:/freescale/toolchain/bin/../lib/gcc/arm-none-eabi/4.8.4/armv6-m\libgcc.a(_dvmd_tls.o)
                0x0000068c                __aeabi_idiv0
                0x0000068c                __aeabi_ldiv0
 .text          0x00000690       0x7c d:/freescale/toolchain/bin/../lib/gcc/arm-none-eabi/4.8.4/armv6-m\libgcc.a(_arm_cmpdf2.o)
                0x00000690                __aeabi_cdrcmple
                0x000006a0                __aeabi_cdcmple
                0x000006a0                __aeabi_cdcmpeq
                0x000006b0                __aeabi_dcmpeq
                0x000006bc                __aeabi_dcmplt
                0x000006d0                __aeabi_dcmple
                0x000006e4                __aeabi_dcmpgt
                0x000006f8                __aeabi_dcmpge
 .text          0x0000070c       0x74 d:/freescale/toolchain/bin/../lib/gcc/arm-none-eabi/4.8.4/armv6-m\libgcc.a(_arm_cmpsf2.o)
                0x0000070c                __aeabi_cfrcmple
                0x00000714                __aeabi_cfcmpeq
                0x00000714                __aeabi_cfcmple
                0x00000724                __aeabi_fcmpeq
                0x00000730                __aeabi_fcmplt
                0x00000744                __aeabi_fcmple
                0x00000758                __aeabi_fcmpgt
                0x0000076c                __aeabi_fcmpge
 .text          0x00000780       0x30 d:/freescale/toolchain/bin/../lib/gcc/arm-none-eabi/4.8.4/armv6-m\libgcc.a(_fixunssfsi.o)
                0x00000780                __fixunssfsi
                0x00000780                __aeabi_f2uiz
 .text          0x000007b0       0x40 d:/freescale/toolchain/bin/../lib/gcc/arm-none-eabi/4.8.4/armv6-m\libgcc.a(_fixunsdfsi.o)
                0x000007b0                __aeabi_d2uiz
                0x000007b0                __fixunsdfsi
 .text          0x000007f0       0x54 d:/freescale/toolchain/bin/../lib/gcc/arm-none-eabi/4.8.4/armv6-m\libgcc.a(eqsf2.o)
                0x000007f0                __eqsf2
                0x000007f0                __nesf2
 .text          0x00000844       0x90 d:/freescale/toolchain/bin/../lib/gcc/arm-none-eabi/4.8.4/armv6-m\libgcc.a(gesf2.o)
                0x00000844                __gesf2
                0x00000844                __gtsf2
 .text          0x000008d4       0x98 d:/freescale/toolchain/bin/../lib/gcc/arm-none-eabi/4.8.4/armv6-m\libgcc.a(lesf2.o)
                0x000008d4                __ltsf2
                0x000008d4                __lesf2
 .text          0x0000096c      0x254 d:/freescale/toolchain/bin/../lib/gcc/arm-none-eabi/4.8.4/armv6-m\libgcc.a(mulsf3.o)
                0x0000096c                __aeabi_fmul
 .text          0x00000bc0      0x2ec d:/freescale/toolchain/bin/../lib/gcc/arm-none-eabi/4.8.4/armv6-m\libgcc.a(subsf3.o)
                0x00000bc0                __aeabi_fsub
 .text          0x00000eac       0x40 d:/freescale/toolchain/bin/../lib/gcc/arm-none-eabi/4.8.4/armv6-m\libgcc.a(fixsfsi.o)
                0x00000eac                __aeabi_f2iz
 .text          0x00000eec      0x648 d:/freescale/toolchain/bin/../lib/gcc/arm-none-eabi/4.8.4/armv6-m\libgcc.a(divdf3.o)
                0x00000eec                __aeabi_ddiv
 .text          0x00001534       0x94 d:/freescale/toolchain/bin/../lib/gcc/arm-none-eabi/4.8.4/armv6-m\libgcc.a(eqdf2.o)
                0x00001534                __nedf2
                0x00001534                __eqdf2
 .text          0x000015c8       0xfc d:/freescale/toolchain/bin/../lib/gcc/arm-none-eabi/4.8.4/armv6-m\libgcc.a(gedf2.o)
                0x000015c8                __gedf2
                0x000015c8                __gtdf2
 .text          0x000016c4       0xfc d:/freescale/toolchain/bin/../lib/gcc/arm-none-eabi/4.8.4/armv6-m\libgcc.a(ledf2.o)
                0x000016c4                __ledf2
                0x000016c4                __ltdf2
 .text          0x000017c0      0x520 d:/freescale/toolchain/bin/../lib/gcc/arm-none-eabi/4.8.4/armv6-m\libgcc.a(muldf3.o)
                0x000017c0                __aeabi_dmul
 .text          0x00001ce0      0x668 d:/freescale/toolchain/bin/../lib/gcc/arm-none-eabi/4.8.4/armv6-m\libgcc.a(subdf3.o)
                0x00001ce0                __aeabi_dsub
 .text          0x00002348       0x68 d:/freescale/toolchain/bin/../lib/gcc/arm-none-eabi/4.8.4/armv6-m\libgcc.a(fixdfsi.o)
                0x00002348                __aeabi_d2iz
 .text          0x000023b0       0x7c d:/freescale/toolchain/bin/../lib/gcc/arm-none-eabi/4.8.4/armv6-m\libgcc.a(floatsidf.o)
                0x000023b0                __aeabi_i2d
 .text          0x0000242c       0x68 d:/freescale/toolchain/bin/../lib/gcc/arm-none-eabi/4.8.4/armv6-m\libgcc.a(floatunsidf.o)
                0x0000242c                __aeabi_ui2d
 .text          0x00002494       0xa4 d:/freescale/toolchain/bin/../lib/gcc/arm-none-eabi/4.8.4/armv6-m\libgcc.a(extendsfdf2.o)
                0x00002494                __aeabi_f2d
 .text          0x00002538       0x3c d:/freescale/toolchain/bin/../lib/gcc/arm-none-eabi/4.8.4/armv6-m\libgcc.a(_clzsi2.o)
                0x00002538                __clzsi2
 *(.text*)
 .text.Io_Sch_StartOs
                0x00002574       0x9c ./Sources/System/Scheduler/io_sch.o
                0x00002574                Io_Sch_StartOs
 .text.Io_Sch_PeriodicTask
                0x00002610       0x50 ./Sources/System/Scheduler/io_sch.o
                0x00002610                Io_Sch_PeriodicTask
 .text.Io_Sch_PrjHookTaskBackground
                0x00002660       0x1c ./Sources/System/Scheduler/io_sch_cnf.o
 .text.Io_Sch_PrjHookTask1ms
                0x0000267c       0x20 ./Sources/System/Scheduler/io_sch_cnf.o
 .text.Io_Sch_PrjHookTask10ms
                0x0000269c       0x1c ./Sources/System/Scheduler/io_sch_cnf.o
 .text.Io_Sch_PrjHookTask50ms
                0x000026b8       0x1c ./Sources/System/Scheduler/io_sch_cnf.o
 .text.Io_Sch_PrjHookTask100ms
                0x000026d4       0x1c ./Sources/System/Scheduler/io_sch_cnf.o
 .text.Io_Sch_PrjHookTask1000ms
                0x000026f0       0x1c ./Sources/System/Scheduler/io_sch_cnf.o
 .text.Io_Os_ForceReset
                0x0000270c        0xc ./Sources/System/Os/io_os.o
 .text.Io_Os_Init
                0x00002718       0x50 ./Sources/System/Os/io_os.o
                0x00002718                Io_Os_Init
 .text.Io_Os_InsertTask
                0x00002768       0xbc ./Sources/System/Os/io_os.o
                0x00002768                Io_Os_InsertTask
 .text.Io_Os_PriorityHandler
                0x00002824       0xd8 ./Sources/System/Os/io_os.o
                0x00002824                Io_Os_PriorityHandler
 .text.Io_Os_PeriodicHandler
                0x000028fc       0xc8 ./Sources/System/Os/io_os.o
                0x000028fc                Io_Os_PeriodicHandler
 .text.SB_RunningTask1000ms
                0x000029c4        0x8 ./Sources/SB_Functions/SB_Main.o
                0x000029c4                SB_RunningTask1000ms
 .text.SB_RunningTask100ms
                0x000029cc       0xac ./Sources/SB_Functions/SB_Main.o
                0x000029cc                SB_RunningTask100ms
 .text.SB_RunningTask50ms
                0x00002a78        0xc ./Sources/SB_Functions/SB_Main.o
                0x00002a78                SB_RunningTask50ms
 .text.SB_RunningTask10ms
                0x00002a84        0xc ./Sources/SB_Functions/SB_Main.o
                0x00002a84                SB_RunningTask10ms
 .text.SB_RunningTask1ms
                0x00002a90       0x18 ./Sources/SB_Functions/SB_Main.o
                0x00002a90                SB_RunningTask1ms
 .text.SB_InitVariables
                0x00002aa8       0x14 ./Sources/SB_Functions/SB_Main.o
                0x00002aa8                SB_InitVariables
 .text.SB_get_milis
                0x00002abc       0x14 ./Sources/SB_Functions/SB_Main.o
                0x00002abc                SB_get_milis
 .text.Io_Func_ShlU32
                0x00002ad0       0x24 ./Sources/Other_functions/io_func.o
                0x00002ad0                Io_Func_ShlU32
 .text.Io_Func_ShrU32
                0x00002af4       0x24 ./Sources/Other_functions/io_func.o
                0x00002af4                Io_Func_ShrU32
 .text.Io_Tpm_Initialization
                0x00002b18      0x60c ./Sources/MCU_drivers/Tpm/io_tpm.o
                0x00002b18                Io_Tpm_Initialization
 .text.Io_Tpm_PwmChangeDutycycle
                0x00003124       0xb0 ./Sources/MCU_drivers/Tpm/io_tpm.o
                0x00003124                Io_Tpm_PwmChangeDutycycle
 .text.Io_Tpm_getTpm
                0x000031d4       0x50 ./Sources/MCU_drivers/Tpm/io_tpm.o
 .text.Io_Tpm_LimitDutycycle
                0x00003224       0x3c ./Sources/MCU_drivers/Tpm/io_tpm.o
 .text.Io_Tpm_LimitPeriod
                0x00003260       0x24 ./Sources/MCU_drivers/Tpm/io_tpm.o
 *fill*         0x00003284        0x4 
 .text.Io_Tpm_ProcessPeriod
                0x00003288       0x80 ./Sources/MCU_drivers/Tpm/io_tpm.o
 .text.Io_Tpm_ProcessDutyCycle
                0x00003308       0x38 ./Sources/MCU_drivers/Tpm/io_tpm.o
 .text.Io_Tpm_Porcess_InputCapture
                0x00003340      0x140 ./Sources/MCU_drivers/Tpm/io_tpm.o
                0x00003340                Io_Tpm_Porcess_InputCapture
 .text.Io_Tpm_Tpm0Isr
                0x00003480      0x118 ./Sources/MCU_drivers/Tpm/io_tpm.o
                0x00003480                Io_Tpm_Tpm0Isr
 .text.Io_Tpm_Tpm1Isr
                0x00003598       0x3c ./Sources/MCU_drivers/Tpm/io_tpm.o
                0x00003598                Io_Tpm_Tpm1Isr
 .text.Io_Tpm_Tpm2Isr
                0x000035d4       0xa8 ./Sources/MCU_drivers/Tpm/io_tpm.o
                0x000035d4                Io_Tpm_Tpm2Isr
 .text.Io_SPI_Init
                0x0000367c      0x294 ./Sources/MCU_drivers/SPI/io_spi.o
                0x0000367c                Io_SPI_Init
 .text.Io_Pcs_Initialization
                0x00003910      0x1c4 ./Sources/MCU_drivers/Pcs/io_pcs.o
                0x00003910                Io_Pcs_Initialization
 .text.Io_Pcs_GetPinInfo
                0x00003ad4       0xd0 ./Sources/MCU_drivers/Pcs/io_pcs.o
                0x00003ad4                Io_Pcs_GetPinInfo
 .text.Io_Int_EnableInterrupts
                0x00003ba4       0x10 ./Sources/MCU_drivers/Int/io_int.o
                0x00003ba4                Io_Int_EnableInterrupts
 .text.Io_Int_DisableInterrupts
                0x00003bb4        0xc ./Sources/MCU_drivers/Int/io_int.o
                0x00003bb4                Io_Int_DisableInterrupts
 .text.Io_Int_Initialization
                0x00003bc0      0x100 ./Sources/MCU_drivers/Int/io_int.o
                0x00003bc0                Io_Int_Initialization
 .text.Io_Int_NVIC_Enable
                0x00003cc0       0x28 ./Sources/MCU_drivers/Int/io_int.o
                0x00003cc0                Io_Int_NVIC_Enable
 .text.Io_Int_SetPriority
                0x00003ce8       0xe8 ./Sources/MCU_drivers/Int/io_int.o
                0x00003ce8                Io_Int_SetPriority
 .text.Io_Int_Enable_OS
                0x00003dd0       0x18 ./Sources/MCU_drivers/Int/io_int.o
                0x00003dd0                Io_Int_Enable_OS
 .text.Io_Int_NVIC_ClearPending
                0x00003de8       0x28 ./Sources/MCU_drivers/Int/io_int.o
                0x00003de8                Io_Int_NVIC_ClearPending
 .text.Io_Int_ProcessHandler
                0x00003e10       0x5c ./Sources/MCU_drivers/Int/io_int.o
                0x00003e10                Io_Int_ProcessHandler
 .text.Io_Int_Dummy
                0x00003e6c        0x8 ./Sources/MCU_drivers/Int/io_int.o
                0x00003e6c                Io_Int_Dummy
 .text.NMI_Handler
                0x00003e74       0x14 ./Sources/MCU_drivers/Int/io_int.o
                0x00003e74                NMI_Handler
 .text.HardFault_Handler
                0x00003e88       0x14 ./Sources/MCU_drivers/Int/io_int.o
                0x00003e88                HardFault_Handler
 .text.SVC_Handler
                0x00003e9c       0x14 ./Sources/MCU_drivers/Int/io_int.o
                0x00003e9c                SVC_Handler
 .text.PendSV_Handler
                0x00003eb0       0x14 ./Sources/MCU_drivers/Int/io_int.o
                0x00003eb0                PendSV_Handler
 .text.SysTick_Handler
                0x00003ec4       0x14 ./Sources/MCU_drivers/Int/io_int.o
                0x00003ec4                SysTick_Handler
 .text.DMA0_IRQHandler
                0x00003ed8       0x10 ./Sources/MCU_drivers/Int/io_int.o
                0x00003ed8                DMA0_IRQHandler
 .text.DMA1_IRQHandler
                0x00003ee8       0x10 ./Sources/MCU_drivers/Int/io_int.o
                0x00003ee8                DMA1_IRQHandler
 .text.DMA2_IRQHandler
                0x00003ef8       0x10 ./Sources/MCU_drivers/Int/io_int.o
                0x00003ef8                DMA2_IRQHandler
 .text.DMA3_IRQHandler
                0x00003f08       0x10 ./Sources/MCU_drivers/Int/io_int.o
                0x00003f08                DMA3_IRQHandler
 .text.FTFA_IRQHandler
                0x00003f18       0x10 ./Sources/MCU_drivers/Int/io_int.o
                0x00003f18                FTFA_IRQHandler
 .text.LVD_LVW_IRQHandler
                0x00003f28       0x10 ./Sources/MCU_drivers/Int/io_int.o
                0x00003f28                LVD_LVW_IRQHandler
 .text.I2C0_IRQHandler
                0x00003f38       0x10 ./Sources/MCU_drivers/Int/io_int.o
                0x00003f38                I2C0_IRQHandler
 .text.I2C1_IRQHandler
                0x00003f48       0x10 ./Sources/MCU_drivers/Int/io_int.o
                0x00003f48                I2C1_IRQHandler
 .text.SPI0_IRQHandler
                0x00003f58       0x10 ./Sources/MCU_drivers/Int/io_int.o
                0x00003f58                SPI0_IRQHandler
 .text.SPI1_IRQHandler
                0x00003f68       0x10 ./Sources/MCU_drivers/Int/io_int.o
                0x00003f68                SPI1_IRQHandler
 .text.UART0_IRQHandler
                0x00003f78       0x10 ./Sources/MCU_drivers/Int/io_int.o
                0x00003f78                UART0_IRQHandler
 .text.UART1_IRQHandler
                0x00003f88       0x10 ./Sources/MCU_drivers/Int/io_int.o
                0x00003f88                UART1_IRQHandler
 .text.UART2_IRQHandler
                0x00003f98       0x10 ./Sources/MCU_drivers/Int/io_int.o
                0x00003f98                UART2_IRQHandler
 .text.ADC0_IRQHandler
                0x00003fa8       0x10 ./Sources/MCU_drivers/Int/io_int.o
                0x00003fa8                ADC0_IRQHandler
 .text.CMP0_IRQHandler
                0x00003fb8       0x10 ./Sources/MCU_drivers/Int/io_int.o
                0x00003fb8                CMP0_IRQHandler
 .text.TPM0_IRQHandler
                0x00003fc8       0x10 ./Sources/MCU_drivers/Int/io_int.o
                0x00003fc8                TPM0_IRQHandler
 .text.TPM1_IRQHandler
                0x00003fd8       0x10 ./Sources/MCU_drivers/Int/io_int.o
                0x00003fd8                TPM1_IRQHandler
 .text.TPM2_IRQHandler
                0x00003fe8       0x10 ./Sources/MCU_drivers/Int/io_int.o
                0x00003fe8                TPM2_IRQHandler
 .text.RTC_IRQHandler
                0x00003ff8       0x10 ./Sources/MCU_drivers/Int/io_int.o
                0x00003ff8                RTC_IRQHandler
 .text.RTC_Seconds_IRQHandler
                0x00004008       0x10 ./Sources/MCU_drivers/Int/io_int.o
                0x00004008                RTC_Seconds_IRQHandler
 .text.PIT_IRQHandler
                0x00004018       0x10 ./Sources/MCU_drivers/Int/io_int.o
                0x00004018                PIT_IRQHandler
 .text.I2S0_IRQHandler
                0x00004028       0x10 ./Sources/MCU_drivers/Int/io_int.o
                0x00004028                I2S0_IRQHandler
 .text.USB0_IRQHandler
                0x00004038       0x10 ./Sources/MCU_drivers/Int/io_int.o
                0x00004038                USB0_IRQHandler
 .text.DAC0_IRQHandler
                0x00004048       0x10 ./Sources/MCU_drivers/Int/io_int.o
                0x00004048                DAC0_IRQHandler
 .text.TSI0_IRQHandler
                0x00004058       0x10 ./Sources/MCU_drivers/Int/io_int.o
                0x00004058                TSI0_IRQHandler
 .text.MCG_IRQHandler
                0x00004068       0x10 ./Sources/MCU_drivers/Int/io_int.o
                0x00004068                MCG_IRQHandler
 .text.LPTMR0_IRQHandler
                0x00004078       0x10 ./Sources/MCU_drivers/Int/io_int.o
                0x00004078                LPTMR0_IRQHandler
 .text.PORTA_IRQHandler
                0x00004088       0x10 ./Sources/MCU_drivers/Int/io_int.o
                0x00004088                PORTA_IRQHandler
 .text.PORTC_PORTD_IRQHandler
                0x00004098       0x10 ./Sources/MCU_drivers/Int/io_int.o
                0x00004098                PORTC_PORTD_IRQHandler
 .text.i2c_Start
                0x000040a8       0x20 ./Sources/MCU_drivers/I2c/io_i2c.o
 .text.i2c_Wait
                0x000040c8       0x30 ./Sources/MCU_drivers/I2c/io_i2c.o
 .text.i2c_RepeatedStart
                0x000040f8       0x20 ./Sources/MCU_drivers/I2c/io_i2c.o
 .text.i2c_write_byte
                0x00004118       0x1c ./Sources/MCU_drivers/I2c/io_i2c.o
 .text.i2c_get_ack
                0x00004134       0x24 ./Sources/MCU_drivers/I2c/io_i2c.o
 .text.i2c_set_rx_mode
                0x00004158       0x20 ./Sources/MCU_drivers/I2c/io_i2c.o
 .text.i2c_give_nack
                0x00004178       0x20 ./Sources/MCU_drivers/I2c/io_i2c.o
 .text.i2c_read_byte
                0x00004198       0x18 ./Sources/MCU_drivers/I2c/io_i2c.o
 .text.i2c_set_slave_mode
                0x000041b0       0x20 ./Sources/MCU_drivers/I2c/io_i2c.o
 .text.i2c_Stop
                0x000041d0       0x20 ./Sources/MCU_drivers/I2c/io_i2c.o
 .text.Io_I2c_Init
                0x000041f0      0x110 ./Sources/MCU_drivers/I2c/io_i2c.o
                0x000041f0                Io_I2c_Init
 .text.Io_I2c_RegRead
                0x00004300       0xac ./Sources/MCU_drivers/I2c/io_i2c.o
                0x00004300                Io_I2c_RegRead
 .text.Io_I2c_RegRead16bit
                0x000043ac       0xcc ./Sources/MCU_drivers/I2c/io_i2c.o
                0x000043ac                Io_I2c_RegRead16bit
 .text.Io_I2c_RegReadN
                0x00004478       0xe0 ./Sources/MCU_drivers/I2c/io_i2c.o
                0x00004478                Io_I2c_RegReadN
 .text.Io_I2c_CycleRead
                0x00004558       0x84 ./Sources/MCU_drivers/I2c/io_i2c.o
 .text.Io_I2c_RegWrite
                0x000045dc       0x78 ./Sources/MCU_drivers/I2c/io_i2c.o
                0x000045dc                Io_I2c_RegWrite
 .text.Io_I2c_CycleWrite
                0x00004654       0x58 ./Sources/MCU_drivers/I2c/io_i2c.o
 .text.Io_I2c_WriteReg16Bit
                0x000046ac       0x88 ./Sources/MCU_drivers/I2c/io_i2c.o
                0x000046ac                Io_I2c_WriteReg16Bit
 .text.Io_I2c_WriteReg32Bit
                0x00004734       0xa4 ./Sources/MCU_drivers/I2c/io_i2c.o
                0x00004734                Io_I2c_WriteReg32Bit
 .text.Io_Dio_SetPinLevel
                0x000047d8       0x98 ./Sources/MCU_drivers/Dio/io_dio.o
                0x000047d8                Io_Dio_SetPinLevel
 .text.Io_Dio_GetPinLevel
                0x00004870       0xd0 ./Sources/MCU_drivers/Dio/io_dio.o
                0x00004870                Io_Dio_GetPinLevel
 .text.Algo_Robo_Cm_UpdateCarSpeed
                0x00004940       0x58 ./Sources/MCU_drivers/Car_movement/app_robo_car_movement.o
                0x00004940                Algo_Robo_Cm_UpdateCarSpeed
 .text.Algo_Robo_Cm_MoveCarForward
                0x00004998       0x30 ./Sources/MCU_drivers/Car_movement/app_robo_car_movement.o
                0x00004998                Algo_Robo_Cm_MoveCarForward
 .text.Algo_Robo_Cm_MoveCarBackward
                0x000049c8       0x30 ./Sources/MCU_drivers/Car_movement/app_robo_car_movement.o
                0x000049c8                Algo_Robo_Cm_MoveCarBackward
 .text.Algo_Robo_Cm_BreakCar
                0x000049f8       0x18 ./Sources/MCU_drivers/Car_movement/app_robo_car_movement.o
                0x000049f8                Algo_Robo_Cm_BreakCar
 .text.Algo_Robo_Cm_LimitDutycycle
                0x00004a10       0x4c ./Sources/MCU_drivers/Car_movement/app_robo_car_movement.o
 .text.Io_Asy_Initialization
                0x00004a5c       0x64 ./Sources/MCU_drivers/Asy/io_asy.o
                0x00004a5c                Io_Asy_Initialization
 .text.Io_Asy_Ch_Initialization
                0x00004ac0      0x400 ./Sources/MCU_drivers/Asy/io_asy.o
                0x00004ac0                Io_Asy_Ch_Initialization
 .text.Io_Asy_RxData
                0x00004ec0       0xfc ./Sources/MCU_drivers/Asy/io_asy.o
                0x00004ec0                Io_Asy_RxData
 .text.Io_Asy_SetBaudrate
                0x00004fbc      0x12c ./Sources/MCU_drivers/Asy/io_asy.o
                0x00004fbc                Io_Asy_SetBaudrate
 .text.Io_Asy_CalculateBaudrate
                0x000050e8       0x30 ./Sources/MCU_drivers/Asy/io_asy.o
                0x000050e8                Io_Asy_CalculateBaudrate
 .text.Io_Asy_Asy0_Isr
                0x00005118       0x18 ./Sources/MCU_drivers/Asy/io_asy.o
                0x00005118                Io_Asy_Asy0_Isr
 .text.Io_Asy_Asy1_Isr
                0x00005130       0x18 ./Sources/MCU_drivers/Asy/io_asy.o
                0x00005130                Io_Asy_Asy1_Isr
 .text.Io_Asy_Asy2_Isr
                0x00005148       0x18 ./Sources/MCU_drivers/Asy/io_asy.o
                0x00005148                Io_Asy_Asy2_Isr
 .text.ASY_TX_Signal
                0x00005160       0x14 ./Sources/MCU_drivers/Asy/io_asy_cnf.o
                0x00005160                ASY_TX_Signal
 .text.ASY_RX_Signal
                0x00005174       0x14 ./Sources/MCU_drivers/Asy/io_asy_cnf.o
                0x00005174                ASY_RX_Signal
 .text.ASY_ERR_Signal
                0x00005188       0x14 ./Sources/MCU_drivers/Asy/io_asy_cnf.o
                0x00005188                ASY_ERR_Signal
 .text.Io_Adc_Initialization
                0x0000519c       0xb8 ./Sources/MCU_drivers/Adc/io_adc.o
                0x0000519c                Io_Adc_Initialization
 .text.Io_Adc_Autoscan
                0x00005254       0x90 ./Sources/MCU_drivers/Adc/io_adc.o
                0x00005254                Io_Adc_Autoscan
 .text.Io_Adc_Isr
                0x000052e4       0xe8 ./Sources/MCU_drivers/Adc/io_adc.o
                0x000052e4                Io_Adc_Isr
 .text.startTimeout
                0x000053cc       0x18 ./Sources/HW_drivers/Sensors/Time_of_Flight/TOF.o
                0x000053cc                startTimeout
 .text.checkTimeoutExpired
                0x000053e4       0x34 ./Sources/HW_drivers/Sensors/Time_of_Flight/TOF.o
                0x000053e4                checkTimeoutExpired
 .text.setTimeout
                0x00005418       0x18 ./Sources/HW_drivers/Sensors/Time_of_Flight/TOF.o
                0x00005418                setTimeout
 .text.init     0x00005430      0x830 ./Sources/HW_drivers/Sensors/Time_of_Flight/TOF.o
                0x00005430                init
 .text.setSignalRateLimit
                0x00005c60       0x78 ./Sources/HW_drivers/Sensors/Time_of_Flight/TOF.o
                0x00005c60                setSignalRateLimit
 .text.setMeasurementTimingBudget
                0x00005cd8      0x1a4 ./Sources/HW_drivers/Sensors/Time_of_Flight/TOF.o
                0x00005cd8                setMeasurementTimingBudget
 .text.getMeasurementTimingBudget
                0x00005e7c      0x120 ./Sources/HW_drivers/Sensors/Time_of_Flight/TOF.o
                0x00005e7c                getMeasurementTimingBudget
 .text.getVcselPulsePeriod
                0x00005f9c       0x5c ./Sources/HW_drivers/Sensors/Time_of_Flight/TOF.o
                0x00005f9c                getVcselPulsePeriod
 .text.startContinuous
                0x00005ff8       0xd8 ./Sources/HW_drivers/Sensors/Time_of_Flight/TOF.o
                0x00005ff8                startContinuous
 .text.readRangeContinuousMillimeters
                0x000060d0       0x80 ./Sources/HW_drivers/Sensors/Time_of_Flight/TOF.o
                0x000060d0                readRangeContinuousMillimeters
 .text.getSpadInfo
                0x00006150      0x1bc ./Sources/HW_drivers/Sensors/Time_of_Flight/TOF.o
                0x00006150                getSpadInfo
 .text.getSequenceStepEnables
                0x0000630c       0xa8 ./Sources/HW_drivers/Sensors/Time_of_Flight/TOF.o
                0x0000630c                getSequenceStepEnables
 .text.getSequenceStepTimeouts
                0x000063b4       0xe0 ./Sources/HW_drivers/Sensors/Time_of_Flight/TOF.o
                0x000063b4                getSequenceStepTimeouts
 .text.decodeTimeout
                0x00006494       0x30 ./Sources/HW_drivers/Sensors/Time_of_Flight/TOF.o
                0x00006494                decodeTimeout
 .text.encodeTimeout
                0x000064c4       0x6c ./Sources/HW_drivers/Sensors/Time_of_Flight/TOF.o
                0x000064c4                encodeTimeout
 .text.timeoutMclksToMicroseconds
                0x00006530       0x54 ./Sources/HW_drivers/Sensors/Time_of_Flight/TOF.o
                0x00006530                timeoutMclksToMicroseconds
 .text.timeoutMicrosecondsToMclks
                0x00006584       0x4c ./Sources/HW_drivers/Sensors/Time_of_Flight/TOF.o
                0x00006584                timeoutMicrosecondsToMclks
 .text.performSingleRefCalibration
                0x000065d0       0x78 ./Sources/HW_drivers/Sensors/Time_of_Flight/TOF.o
                0x000065d0                performSingleRefCalibration
 .text.Io_Hbr_Drv8833_Initialization
                0x00006648       0x90 ./Sources/HW_drivers/H-bridge/ti8833/io_hbr_ti8833.o
                0x00006648                Io_Hbr_Drv8833_Initialization
 .text.Io_Hbr_Drv8833_Update
                0x000066d8      0x14c ./Sources/HW_drivers/H-bridge/ti8833/io_hbr_ti8833.o
                0x000066d8                Io_Hbr_Drv8833_Update
 .text.Io_Hbr_Drv8833_Set_State
                0x00006824      0x1f0 ./Sources/HW_drivers/H-bridge/ti8833/io_hbr_ti8833.o
                0x00006824                Io_Hbr_Drv8833_Set_State
 .text.Io_Hbr_Drv8833_Get_State
                0x00006a14       0x4c ./Sources/HW_drivers/H-bridge/ti8833/io_hbr_ti8833.o
                0x00006a14                Io_Hbr_Drv8833_Get_State
 .text.bluetooth_state
                0x00006a60       0x7c ./Sources/HW_drivers/Bluetooth/Bluetoth.o
                0x00006a60                bluetooth_state
 .text.main     0x00006adc       0xb0 ./Sources/main.o
                0x00006adc                main
 .text.SystemInit
                0x00006b8c      0x1b0 ./Project_Settings/Startup_Code/system_MKL26Z4.o
                0x00006b8c                SystemInit
 .text.calloc   0x00006d3c       0x18 d:/freescale/toolchain/bin/../lib/gcc/arm-none-eabi/4.8.4/../../../../arm-none-eabi/lib/armv6-m\libg_s.a(lib_a-calloc.o)
                0x00006d3c                calloc
 .text.exit     0x00006d54       0x2c d:/freescale/toolchain/bin/../lib/gcc/arm-none-eabi/4.8.4/../../../../arm-none-eabi/lib/armv6-m\libg_s.a(lib_a-exit.o)
                0x00006d54                exit
 .text.__libc_init_array
                0x00006d80       0x4c d:/freescale/toolchain/bin/../lib/gcc/arm-none-eabi/4.8.4/../../../../arm-none-eabi/lib/armv6-m\libg_s.a(lib_a-init.o)
                0x00006d80                __libc_init_array
 .text.malloc   0x00006dcc       0x14 d:/freescale/toolchain/bin/../lib/gcc/arm-none-eabi/4.8.4/../../../../arm-none-eabi/lib/armv6-m\libg_s.a(lib_a-malloc.o)
                0x00006dcc                malloc
 .text.memset   0x00006de0       0x10 d:/freescale/toolchain/bin/../lib/gcc/arm-none-eabi/4.8.4/../../../../arm-none-eabi/lib/armv6-m\libg_s.a(lib_a-memset.o)
                0x00006de0                memset
 .text._calloc_r
                0x00006df0       0x1c d:/freescale/toolchain/bin/../lib/gcc/arm-none-eabi/4.8.4/../../../../arm-none-eabi/lib/armv6-m\libg_s.a(lib_a-nano-callocr.o)
                0x00006df0                _calloc_r
 .text._malloc_r
                0x00006e0c       0xa8 d:/freescale/toolchain/bin/../lib/gcc/arm-none-eabi/4.8.4/../../../../arm-none-eabi/lib/armv6-m\libg_s.a(lib_a-nano-mallocr.o)
                0x00006e0c                _malloc_r
 .text._sbrk_r  0x00006eb4       0x24 d:/freescale/toolchain/bin/../lib/gcc/arm-none-eabi/4.8.4/../../../../arm-none-eabi/lib/armv6-m\libg_s.a(lib_a-sbrkr.o)
                0x00006eb4                _sbrk_r
 .text._sbrk    0x00006ed8       0x34 d:/freescale/toolchain/bin/../lib/gcc/arm-none-eabi/4.8.4/../../../../arm-none-eabi/lib/armv6-m\libnosys.a(sbrk.o)
                0x00006ed8                _sbrk
 .text._exit    0x00006f0c        0x4 d:/freescale/toolchain/bin/../lib/gcc/arm-none-eabi/4.8.4/../../../../arm-none-eabi/lib/armv6-m\libnosys.a(_exit.o)
                0x00006f0c                _exit
 *(.rodata)
 .rodata        0x00006f10       0x40 d:/freescale/toolchain/bin/../lib/gcc/arm-none-eabi/4.8.4/armv6-m\libgcc.a(mulsf3.o)
 .rodata        0x00006f50       0x40 d:/freescale/toolchain/bin/../lib/gcc/arm-none-eabi/4.8.4/armv6-m\libgcc.a(divdf3.o)
 .rodata        0x00006f90       0x40 d:/freescale/toolchain/bin/../lib/gcc/arm-none-eabi/4.8.4/armv6-m\libgcc.a(muldf3.o)
 *(.rodata*)
 .rodata.Io_Sch_OsTasks
                0x00006fd0       0x30 ./Sources/System/Scheduler/io_sch_cnf.o
                0x00006fd0                Io_Sch_OsTasks
 .rodata.Io_Sch_OsConfig
                0x00007000        0x8 ./Sources/System/Scheduler/io_sch_cnf.o
                0x00007000                Io_Sch_OsConfig
 .rodata.Io_Tpm_Pwm_Ch_Cnf
                0x00007008       0x3c ./Sources/MCU_drivers/Tpm/io_tpm_cnf.o
                0x00007008                Io_Tpm_Pwm_Ch_Cnf
 .rodata.Io_Tpm_Dcm_Ch_Cnf
                0x00007044        0x0 ./Sources/MCU_drivers/Tpm/io_tpm_cnf.o
                0x00007044                Io_Tpm_Dcm_Ch_Cnf
 .rodata.Io_Tpm_Dev_Cnf
                0x00007044       0x24 ./Sources/MCU_drivers/Tpm/io_tpm_cnf.o
                0x00007044                Io_Tpm_Dev_Cnf
 .rodata.Io_Tpm_Cnf
                0x00007068       0x18 ./Sources/MCU_drivers/Tpm/io_tpm_cnf.o
                0x00007068                Io_Tpm_Cnf
 .rodata.Io_SPI_CnfDevice
                0x00007080        0xc ./Sources/MCU_drivers/SPI/io_spi_cnf.o
                0x00007080                Io_SPI_CnfDevice
 .rodata.Io_SPI_Cnf
                0x0000708c        0x8 ./Sources/MCU_drivers/SPI/io_spi_cnf.o
                0x0000708c                Io_SPI_Cnf
 .rodata.Io_Pcs_PortTab
                0x00007094       0x14 ./Sources/MCU_drivers/Pcs/io_pcs.o
                0x00007094                Io_Pcs_PortTab
 .rodata.Io_Pcs_FGPIO
                0x000070a8       0x14 ./Sources/MCU_drivers/Pcs/io_pcs.o
                0x000070a8                Io_Pcs_FGPIO
 .rodata.Io_Pcs_GetPinInfo
                0x000070bc       0x18 ./Sources/MCU_drivers/Pcs/io_pcs.o
 .rodata.Io_Pcs_PortCnf
                0x000070d4      0x1a4 ./Sources/MCU_drivers/Pcs/io_pcs_cnf.o
                0x000070d4                Io_Pcs_PortCnf
 .rodata.Io_Pcs_Cnf
                0x00007278        0x8 ./Sources/MCU_drivers/Pcs/io_pcs_cnf.o
                0x00007278                Io_Pcs_Cnf
 .rodata.Io_Int_InterruptCnf
                0x00007280       0x40 ./Sources/MCU_drivers/Int/io_int_cnf.o
                0x00007280                Io_Int_InterruptCnf
 .rodata.Io_Int_Cnf
                0x000072c0        0x8 ./Sources/MCU_drivers/Int/io_int_cnf.o
                0x000072c0                Io_Int_Cnf
 .rodata.Io_I2c_CnfDevice
                0x000072c8       0x10 ./Sources/MCU_drivers/I2c/io_i2c_cnf.o
                0x000072c8                Io_I2c_CnfDevice
 .rodata.Io_I2c_Cnf
                0x000072d8        0x8 ./Sources/MCU_drivers/I2c/io_i2c_cnf.o
                0x000072d8                Io_I2c_Cnf
 .rodata.Io_Dio_PortTab
                0x000072e0       0x14 ./Sources/MCU_drivers/Dio/io_dio.o
                0x000072e0                Io_Dio_PortTab
 .rodata.asy_tx_sig0
                0x000072f4        0x8 ./Sources/MCU_drivers/Asy/io_asy_cnf.o
                0x000072f4                asy_tx_sig0
 .rodata.asy_rx_sig0
                0x000072fc        0x8 ./Sources/MCU_drivers/Asy/io_asy_cnf.o
                0x000072fc                asy_rx_sig0
 .rodata.asy_err_sig0
                0x00007304        0x8 ./Sources/MCU_drivers/Asy/io_asy_cnf.o
                0x00007304                asy_err_sig0
 .rodata.asy_channels
                0x0000730c       0x14 ./Sources/MCU_drivers/Asy/io_asy_cnf.o
                0x0000730c                asy_channels
 .rodata.config_asy_device
                0x00007320        0x8 ./Sources/MCU_drivers/Asy/io_asy_cnf.o
                0x00007320                config_asy_device
 .rodata.config_adc_autoscan_channels
                0x00007328       0x1c ./Sources/MCU_drivers/Adc/io_adc_cnf.o
                0x00007328                config_adc_autoscan_channels
 .rodata.config_adc_ptr
                0x00007344        0x8 ./Sources/MCU_drivers/Adc/io_adc_cnf.o
                0x00007344                config_adc_ptr
 .rodata.Io_Hbr_Drv8833_PortCnf
                0x0000734c       0x10 ./Sources/HW_drivers/H-bridge/ti8833/io_hbr_cnf_ti8833.o
                0x0000734c                Io_Hbr_Drv8833_PortCnf
 .rodata.Io_Hbr_Drv8833_Cnf
                0x0000735c        0x8 ./Sources/HW_drivers/H-bridge/ti8833/io_hbr_cnf_ti8833.o
                0x0000735c                Io_Hbr_Drv8833_Cnf
 .rodata.Io_Hbr_Drv8833_Set_State
                0x00007364       0x18 ./Sources/HW_drivers/H-bridge/ti8833/io_hbr_ti8833.o
 .rodata.str1.1
                0x0000737c        0x2 d:/freescale/toolchain/bin/../lib/gcc/arm-none-eabi/4.8.4/../../../../arm-none-eabi/lib/armv6-m\libg_s.a(lib_a-impure.o)
 *fill*         0x0000737e        0x2 
 .rodata._global_impure_ptr
                0x00007380        0x4 d:/freescale/toolchain/bin/../lib/gcc/arm-none-eabi/4.8.4/../../../../arm-none-eabi/lib/armv6-m\libg_s.a(lib_a-impure.o)
                0x00007380                _global_impure_ptr
 *(.glue_7)
 .glue_7        0x00000000        0x0 linker stubs
 *(.glue_7t)
 .glue_7t       0x00000000        0x0 linker stubs
 *(.eh_frame)
 .eh_frame      0x00007384        0x0 d:/freescale/toolchain/bin/../lib/gcc/arm-none-eabi/4.8.4/armv6-m/crtbegin.o
 *(.init)
 .init          0x00007384        0x4 d:/freescale/toolchain/bin/../lib/gcc/arm-none-eabi/4.8.4/armv6-m/crti.o
                0x00007384                _init
 .init          0x00007388        0x8 d:/freescale/toolchain/bin/../lib/gcc/arm-none-eabi/4.8.4/armv6-m/crtn.o
 *(.fini)
 .fini          0x00007390        0x4 d:/freescale/toolchain/bin/../lib/gcc/arm-none-eabi/4.8.4/armv6-m/crti.o
                0x00007390                _fini
 .fini          0x00007394        0x8 d:/freescale/toolchain/bin/../lib/gcc/arm-none-eabi/4.8.4/armv6-m/crtn.o
                0x0000739c                . = ALIGN (0x4)

.vfp11_veneer   0x0000739c        0x0
 .vfp11_veneer  0x00000000        0x0 linker stubs

.v4_bx          0x0000739c        0x0
 .v4_bx         0x00000000        0x0 linker stubs

.iplt           0x0000739c        0x0
 .iplt          0x00000000        0x0 d:/freescale/toolchain/bin/../lib/gcc/arm-none-eabi/4.8.4/armv6-m/crtbegin.o

.ARM.extab
 *(.ARM.extab* .gnu.linkonce.armextab.*)

.ARM            0x0000739c        0x8
                0x0000739c                __exidx_start = .
 *(.ARM.exidx*)
 .ARM.exidx     0x0000739c        0x8 d:/freescale/toolchain/bin/../lib/gcc/arm-none-eabi/4.8.4/../../../../arm-none-eabi/lib/armv6-m/crt0.o
                0x000073a4                __exidx_end = .

.rel.dyn        0x000073a4        0x0
 .rel.iplt      0x00000000        0x0 d:/freescale/toolchain/bin/../lib/gcc/arm-none-eabi/4.8.4/armv6-m/crtbegin.o

.ctors          0x000073a4        0x0
                0x000073a4                __CTOR_LIST__ = .
 *crtbegin.o(.ctors)
 *crtbegin?.o(.ctors)
 *(EXCLUDE_FILE(*crtend.o *crtend?.o) .ctors)
 *(SORT(.ctors.*))
 *(.ctors)
                0x000073a4                __CTOR_END__ = .

.dtors          0x000073a4        0x0
                0x000073a4                __DTOR_LIST__ = .
 *crtbegin.o(.dtors)
 *crtbegin?.o(.dtors)
 *(EXCLUDE_FILE(*crtend.o *crtend?.o) .dtors)
 *(SORT(.dtors.*))
 *(.dtors)
                0x000073a4                __DTOR_END__ = .

.preinit_array  0x000073a4        0x0
                0x000073a4                PROVIDE (__preinit_array_start, .)
 *(.preinit_array*)
                0x000073a4                PROVIDE (__preinit_array_end, .)

.init_array     0x000073a4        0x4
                0x000073a4                PROVIDE (__init_array_start, .)
 *(SORT(.init_array.*))
 *(.init_array*)
 .init_array    0x000073a4        0x4 d:/freescale/toolchain/bin/../lib/gcc/arm-none-eabi/4.8.4/armv6-m/crtbegin.o
                0x000073a8                PROVIDE (__init_array_end, .)

.fini_array     0x000073a8        0x4
                0x000073a8                PROVIDE (__fini_array_start, .)
 *(SORT(.fini_array.*))
 *(.fini_array*)
 .fini_array    0x000073a8        0x4 d:/freescale/toolchain/bin/../lib/gcc/arm-none-eabi/4.8.4/armv6-m/crtbegin.o
                0x000073ac                PROVIDE (__fini_array_end, .)
                0x000073ac                __etext = .
                0x000073ac                __DATA_ROM = .

.mtb            0x1ffff000        0x0
                0x1ffff000                . = ALIGN (0x8)
                0x1ffff000                _mtb_start = .
 *(.mtb_buf)
                0x1ffff000                . = ALIGN (0x8)
                0x1ffff000                _mtb_end = .

.data           0x1ffff000       0x70 load address 0x000073ac
                0x1ffff000                . = ALIGN (0x4)
                0x1ffff000                __DATA_RAM = .
                0x1ffff000                __data_start__ = .
 *(.data)
 *(.data*)
 .data.reception
                0x1ffff000        0x8 ./Sources/MCU_drivers/Asy/io_asy.o
                0x1ffff000                reception
 .data.impure_data
                0x1ffff008       0x60 d:/freescale/toolchain/bin/../lib/gcc/arm-none-eabi/4.8.4/../../../../arm-none-eabi/lib/armv6-m\libg_s.a(lib_a-impure.o)
 .data._impure_ptr
                0x1ffff068        0x4 d:/freescale/toolchain/bin/../lib/gcc/arm-none-eabi/4.8.4/../../../../arm-none-eabi/lib/armv6-m\libg_s.a(lib_a-impure.o)
                0x1ffff068                _impure_ptr
 *(.jcr*)
 .jcr           0x1ffff06c        0x0 d:/freescale/toolchain/bin/../lib/gcc/arm-none-eabi/4.8.4/armv6-m/crtbegin.o
 .jcr           0x1ffff06c        0x4 d:/freescale/toolchain/bin/../lib/gcc/arm-none-eabi/4.8.4/armv6-m/crtend.o
                0x1ffff070                . = ALIGN (0x4)
                0x1ffff070                __data_end__ = .
                0x0000741c                __DATA_END = (__DATA_ROM + (__data_end__ - __data_start__))

.igot.plt       0x1ffff070        0x0 load address 0x0000741c
 .igot.plt      0x00000000        0x0 d:/freescale/toolchain/bin/../lib/gcc/arm-none-eabi/4.8.4/armv6-m/crtbegin.o

.bss            0x1ffff070      0x760 load address 0x0000741c
                0x1ffff070                . = ALIGN (0x4)
                0x1ffff070                __START_BSS = .
                0x1ffff070                __bss_start__ = .
 *(.bss)
 .bss           0x1ffff070       0x1c d:/freescale/toolchain/bin/../lib/gcc/arm-none-eabi/4.8.4/armv6-m/crtbegin.o
 *(.bss*)
 .bss.wait      0x1ffff08c        0x1 ./Sources/HW_drivers/Bluetooth/Bluetoth.o
                0x1ffff08c                wait
 .bss.LED_STATE
                0x1ffff08d        0x1 ./Sources/HW_drivers/Bluetooth/Bluetoth.o
                0x1ffff08d                LED_STATE
 .bss.state     0x1ffff08e        0x1 ./Sources/HW_drivers/Bluetooth/Bluetoth.o
                0x1ffff08e                state
 *fill*         0x1ffff08f        0x1 
 .bss.__malloc_sbrk_start
                0x1ffff090        0x4 d:/freescale/toolchain/bin/../lib/gcc/arm-none-eabi/4.8.4/../../../../arm-none-eabi/lib/armv6-m\libg_s.a(lib_a-nano-mallocr.o)
                0x1ffff090                __malloc_sbrk_start
 .bss.__malloc_free_list
                0x1ffff094        0x4 d:/freescale/toolchain/bin/../lib/gcc/arm-none-eabi/4.8.4/../../../../arm-none-eabi/lib/armv6-m\libg_s.a(lib_a-nano-mallocr.o)
                0x1ffff094                __malloc_free_list
 .bss.heap_end.4246
                0x1ffff098        0x4 d:/freescale/toolchain/bin/../lib/gcc/arm-none-eabi/4.8.4/../../../../arm-none-eabi/lib/armv6-m\libnosys.a(sbrk.o)
 *(COMMON)
 COMMON         0x1ffff09c       0x10 ./Sources/System/Scheduler/io_sch.o
                0x1ffff09c                Io_Sch_OsCounter
                0x1ffff0a8                Io_Sch_OsConfigPtr
 COMMON         0x1ffff0ac       0x1c ./Sources/System/Scheduler/io_sch_cnf.o
                0x1ffff0ac                Io_Sch_TaskCounter50ms
                0x1ffff0b0                us_counter
                0x1ffff0b4                Io_Sch_TaskCounter10ms
                0x1ffff0b8                Io_Sch_TaskCounter100ms
                0x1ffff0bc                Io_Sch_TaskCounter1000ms
                0x1ffff0c0                Io_Sch_TaskCounter1ms
                0x1ffff0c4                Io_Sch_TaskCounter0ms
 COMMON         0x1ffff0c8      0x4ec ./Sources/System/Os/io_os.o
                0x1ffff0c8                Io_Os_PriorityQueues
                0x1ffff358                Io_Os_PeriodicQueueDepth
                0x1ffff35c                Io_Os_PeriodicQueue
 COMMON         0x1ffff5b4       0x30 ./Sources/SB_Functions/SB_Main.o
                0x1ffff5b4                address
                0x1ffff5b5                last_status
                0x1ffff5b6                val0
                0x1ffff5b8                val8
                0x1ffff5ba                val4
                0x1ffff5bc                val5
                0x1ffff5c0                timeout_start_ms
                0x1ffff5c4                stop_variable
                0x1ffff5c8                io_timeout
                0x1ffff5cc                val2
                0x1ffff5ce                val7
                0x1ffff5d0                val3
                0x1ffff5d4                measurement_timing_budget_us
                0x1ffff5d8                system_miliseconds
                0x1ffff5dc                rez
                0x1ffff5de                val1
                0x1ffff5e0                did_timeout
                0x1ffff5e2                val6
 COMMON         0x1ffff5e4       0x5d ./Sources/MCU_drivers/Tpm/io_tpm.o
                0x1ffff5e4                Io_Tpm_Tpm0Used
                0x1ffff5e8                Io_Tpm_Dcm_Channels
                0x1ffff630                Io_Tpm_Tpm2Used
                0x1ffff634                Io_Tpm_PwmChLastDutycycle
                0x1ffff638                Io_Tpm_Tpm1Used
                0x1ffff63c                Io_Tpm_Cnf_Ptr
                0x1ffff640                Io_Tpm_Initialized
 *fill*         0x1ffff641        0x3 
 COMMON         0x1ffff644        0x4 ./Sources/MCU_drivers/SPI/io_spi.o
                0x1ffff644                Io_DeviceCnf_Ptr1
 COMMON         0x1ffff648        0x4 ./Sources/MCU_drivers/Pcs/io_pcs.o
                0x1ffff648                Io_Pcs_CnfPtr
 COMMON         0x1ffff64c       0xc4 ./Sources/MCU_drivers/Int/io_int.o
                0x1ffff64c                Io_Int_CnfPtr
                0x1ffff650                array_of_handlers
 COMMON         0x1ffff710        0xc ./Sources/MCU_drivers/I2c/io_i2c.o
                0x1ffff710                error_log
                0x1ffff714                timeout
                0x1ffff718                Io_DeviceCnf_Ptr
 COMMON         0x1ffff71c       0x78 ./Sources/MCU_drivers/Asy/io_asy.o
                0x1ffff71c                basy_phy_to_log_ch
                0x1ffff720                Io_Asy_channel_table
                0x1ffff768                io_asy_config_device_int
                0x1ffff76c                tx_table
                0x1ffff77c                Io_Asy_ch_info_ptr_int
                0x1ffff780                c
                0x1ffff784                rx_table
 COMMON         0x1ffff794       0x30 ./Sources/MCU_drivers/Adc/io_adc.o
                0x1ffff794                Io_Adc_Data_var
                0x1ffff7bc                Io_Adc_ConfigPtr
                0x1ffff7c0                Io_Adc_Data
 COMMON         0x1ffff7c4        0x8 ./Sources/HW_drivers/H-bridge/ti8833/io_hbr_ti8833.o
                0x1ffff7c4                hbr_drv8833_config
                0x1ffff7c8                hbr_drv8833_state
 COMMON         0x1ffff7cc        0x4 d:/freescale/toolchain/bin/../lib/gcc/arm-none-eabi/4.8.4/../../../../arm-none-eabi/lib/armv6-m\libg_s.a(lib_a-reent.o)
                0x1ffff7cc                errno
                0x1ffff7d0                . = ALIGN (0x4)
                0x1ffff7d0                __bss_end__ = .
                0x1ffff7d0                __END_BSS = .

.heap           0x1ffff7d0      0x400 load address 0x00007b7c
                0x1ffff7d0                . = ALIGN (0x8)
                0x1ffff7d0                __end__ = .
                0x1ffff7d0                PROVIDE (end, .)
                0x1ffff7d0                __HeapBase = .
                0x1ffffbd0                . = (. + HEAP_SIZE)
 *fill*         0x1ffff7d0      0x400 
                0x1ffffbd0                __HeapLimit = .

.stack          0x1ffffbd0      0x400 load address 0x00007f7c
                0x1ffffbd0                . = ALIGN (0x8)
                0x1fffffd0                . = (. + STACK_SIZE)
 *fill*         0x1ffffbd0      0x400 
                0x20003000                __StackTop = (ORIGIN (m_data) + 0x4000)
                0x20002c00                __StackLimit = (__StackTop - STACK_SIZE)
                0x20003000                PROVIDE (__stack, __StackTop)

.ARM.attributes
                0x00000000       0x28
 *(.ARM.attributes)
 .ARM.attributes
                0x00000000       0x1e d:/freescale/toolchain/bin/../lib/gcc/arm-none-eabi/4.8.4/armv6-m/crti.o
 .ARM.attributes
                0x0000001e       0x2c d:/freescale/toolchain/bin/../lib/gcc/arm-none-eabi/4.8.4/armv6-m/crtbegin.o
 .ARM.attributes
                0x0000004a       0x1b d:/freescale/toolchain/bin/../lib/gcc/arm-none-eabi/4.8.4/../../../../arm-none-eabi/lib/armv6-m/crt0.o
 .ARM.attributes
                0x00000065       0x32 ./Sources/System/Scheduler/io_sch.o
 .ARM.attributes
                0x00000097       0x32 ./Sources/System/Scheduler/io_sch_cnf.o
 .ARM.attributes
                0x000000c9       0x32 ./Sources/System/Os/io_os.o
 .ARM.attributes
                0x000000fb       0x32 ./Sources/SB_Functions/SB_Main.o
 .ARM.attributes
                0x0000012d       0x32 ./Sources/Other_functions/io_func.o
 .ARM.attributes
                0x0000015f       0x32 ./Sources/MCU_drivers/Tpm/io_tpm.o
 .ARM.attributes
                0x00000191       0x32 ./Sources/MCU_drivers/Tpm/io_tpm_cnf.o
 .ARM.attributes
                0x000001c3       0x32 ./Sources/MCU_drivers/SPI/io_spi.o
 .ARM.attributes
                0x000001f5       0x32 ./Sources/MCU_drivers/SPI/io_spi_cnf.o
 .ARM.attributes
                0x00000227       0x32 ./Sources/MCU_drivers/Pcs/io_pcs.o
 .ARM.attributes
                0x00000259       0x32 ./Sources/MCU_drivers/Pcs/io_pcs_cnf.o
 .ARM.attributes
                0x0000028b       0x32 ./Sources/MCU_drivers/Int/io_int.o
 .ARM.attributes
                0x000002bd       0x32 ./Sources/MCU_drivers/Int/io_int_cnf.o
 .ARM.attributes
                0x000002ef       0x32 ./Sources/MCU_drivers/I2c/io_i2c.o
 .ARM.attributes
                0x00000321       0x32 ./Sources/MCU_drivers/I2c/io_i2c_cnf.o
 .ARM.attributes
                0x00000353       0x32 ./Sources/MCU_drivers/Dio/io_dio.o
 .ARM.attributes
                0x00000385       0x32 ./Sources/MCU_drivers/Car_movement/app_robo_car_movement.o
 .ARM.attributes
                0x000003b7       0x32 ./Sources/MCU_drivers/Asy/io_asy.o
 .ARM.attributes
                0x000003e9       0x32 ./Sources/MCU_drivers/Asy/io_asy_cnf.o
 .ARM.attributes
                0x0000041b       0x32 ./Sources/MCU_drivers/Adc/io_adc.o
 .ARM.attributes
                0x0000044d       0x32 ./Sources/MCU_drivers/Adc/io_adc_cnf.o
 .ARM.attributes
                0x0000047f       0x32 ./Sources/HW_drivers/Sensors/Time_of_Flight/TOF.o
 .ARM.attributes
                0x000004b1       0x32 ./Sources/HW_drivers/H-bridge/ti8833/io_hbr_cnf_ti8833.o
 .ARM.attributes
                0x000004e3       0x32 ./Sources/HW_drivers/H-bridge/ti8833/io_hbr_ti8833.o
 .ARM.attributes
                0x00000515       0x32 ./Sources/HW_drivers/Bluetooth/Bluetoth.o
 .ARM.attributes
                0x00000547       0x32 ./Sources/main.o
 .ARM.attributes
                0x00000579       0x1b ./Project_Settings/Startup_Code/startup_MKL26Z4.o
 .ARM.attributes
                0x00000594       0x32 ./Project_Settings/Startup_Code/system_MKL26Z4.o
 .ARM.attributes
                0x000005c6       0x1e d:/freescale/toolchain/bin/../lib/gcc/arm-none-eabi/4.8.4/armv6-m\libgcc.a(_udivsi3.o)
 .ARM.attributes
                0x000005e4       0x1e d:/freescale/toolchain/bin/../lib/gcc/arm-none-eabi/4.8.4/armv6-m\libgcc.a(_divsi3.o)
 .ARM.attributes
                0x00000602       0x1e d:/freescale/toolchain/bin/../lib/gcc/arm-none-eabi/4.8.4/armv6-m\libgcc.a(_dvmd_tls.o)
 .ARM.attributes
                0x00000620       0x1e d:/freescale/toolchain/bin/../lib/gcc/arm-none-eabi/4.8.4/armv6-m\libgcc.a(_arm_cmpdf2.o)
 .ARM.attributes
                0x0000063e       0x1e d:/freescale/toolchain/bin/../lib/gcc/arm-none-eabi/4.8.4/armv6-m\libgcc.a(_arm_cmpsf2.o)
 .ARM.attributes
                0x0000065c       0x2c d:/freescale/toolchain/bin/../lib/gcc/arm-none-eabi/4.8.4/armv6-m\libgcc.a(_fixunssfsi.o)
 .ARM.attributes
                0x00000688       0x2c d:/freescale/toolchain/bin/../lib/gcc/arm-none-eabi/4.8.4/armv6-m\libgcc.a(_fixunsdfsi.o)
 .ARM.attributes
                0x000006b4       0x2c d:/freescale/toolchain/bin/../lib/gcc/arm-none-eabi/4.8.4/armv6-m\libgcc.a(eqsf2.o)
 .ARM.attributes
                0x000006e0       0x2c d:/freescale/toolchain/bin/../lib/gcc/arm-none-eabi/4.8.4/armv6-m\libgcc.a(gesf2.o)
 .ARM.attributes
                0x0000070c       0x2c d:/freescale/toolchain/bin/../lib/gcc/arm-none-eabi/4.8.4/armv6-m\libgcc.a(lesf2.o)
 .ARM.attributes
                0x00000738       0x2c d:/freescale/toolchain/bin/../lib/gcc/arm-none-eabi/4.8.4/armv6-m\libgcc.a(mulsf3.o)
 .ARM.attributes
                0x00000764       0x2c d:/freescale/toolchain/bin/../lib/gcc/arm-none-eabi/4.8.4/armv6-m\libgcc.a(subsf3.o)
 .ARM.attributes
                0x00000790       0x2c d:/freescale/toolchain/bin/../lib/gcc/arm-none-eabi/4.8.4/armv6-m\libgcc.a(fixsfsi.o)
 .ARM.attributes
                0x000007bc       0x2c d:/freescale/toolchain/bin/../lib/gcc/arm-none-eabi/4.8.4/armv6-m\libgcc.a(divdf3.o)
 .ARM.attributes
                0x000007e8       0x2c d:/freescale/toolchain/bin/../lib/gcc/arm-none-eabi/4.8.4/armv6-m\libgcc.a(eqdf2.o)
 .ARM.attributes
                0x00000814       0x2c d:/freescale/toolchain/bin/../lib/gcc/arm-none-eabi/4.8.4/armv6-m\libgcc.a(gedf2.o)
 .ARM.attributes
                0x00000840       0x2c d:/freescale/toolchain/bin/../lib/gcc/arm-none-eabi/4.8.4/armv6-m\libgcc.a(ledf2.o)
 .ARM.attributes
                0x0000086c       0x2c d:/freescale/toolchain/bin/../lib/gcc/arm-none-eabi/4.8.4/armv6-m\libgcc.a(muldf3.o)
 .ARM.attributes
                0x00000898       0x2c d:/freescale/toolchain/bin/../lib/gcc/arm-none-eabi/4.8.4/armv6-m\libgcc.a(subdf3.o)
 .ARM.attributes
                0x000008c4       0x2c d:/freescale/toolchain/bin/../lib/gcc/arm-none-eabi/4.8.4/armv6-m\libgcc.a(fixdfsi.o)
 .ARM.attributes
                0x000008f0       0x2c d:/freescale/toolchain/bin/../lib/gcc/arm-none-eabi/4.8.4/armv6-m\libgcc.a(floatsidf.o)
 .ARM.attributes
                0x0000091c       0x2c d:/freescale/toolchain/bin/../lib/gcc/arm-none-eabi/4.8.4/armv6-m\libgcc.a(floatunsidf.o)
 .ARM.attributes
                0x00000948       0x2c d:/freescale/toolchain/bin/../lib/gcc/arm-none-eabi/4.8.4/armv6-m\libgcc.a(extendsfdf2.o)
 .ARM.attributes
                0x00000974       0x1e d:/freescale/toolchain/bin/../lib/gcc/arm-none-eabi/4.8.4/armv6-m\libgcc.a(_clzsi2.o)
 .ARM.attributes
                0x00000992       0x2c d:/freescale/toolchain/bin/../lib/gcc/arm-none-eabi/4.8.4/../../../../arm-none-eabi/lib/armv6-m\libg_s.a(lib_a-calloc.o)
 .ARM.attributes
                0x000009be       0x2c d:/freescale/toolchain/bin/../lib/gcc/arm-none-eabi/4.8.4/../../../../arm-none-eabi/lib/armv6-m\libg_s.a(lib_a-exit.o)
 .ARM.attributes
                0x000009ea       0x2c d:/freescale/toolchain/bin/../lib/gcc/arm-none-eabi/4.8.4/../../../../arm-none-eabi/lib/armv6-m\libg_s.a(lib_a-impure.o)
 .ARM.attributes
                0x00000a16       0x2c d:/freescale/toolchain/bin/../lib/gcc/arm-none-eabi/4.8.4/../../../../arm-none-eabi/lib/armv6-m\libg_s.a(lib_a-init.o)
 .ARM.attributes
                0x00000a42       0x2c d:/freescale/toolchain/bin/../lib/gcc/arm-none-eabi/4.8.4/../../../../arm-none-eabi/lib/armv6-m\libg_s.a(lib_a-malloc.o)
 .ARM.attributes
                0x00000a6e       0x2c d:/freescale/toolchain/bin/../lib/gcc/arm-none-eabi/4.8.4/../../../../arm-none-eabi/lib/armv6-m\libg_s.a(lib_a-memset.o)
 .ARM.attributes
                0x00000a9a       0x2c d:/freescale/toolchain/bin/../lib/gcc/arm-none-eabi/4.8.4/../../../../arm-none-eabi/lib/armv6-m\libg_s.a(lib_a-nano-callocr.o)
 .ARM.attributes
                0x00000ac6       0x2c d:/freescale/toolchain/bin/../lib/gcc/arm-none-eabi/4.8.4/../../../../arm-none-eabi/lib/armv6-m\libg_s.a(lib_a-nano-mallocr.o)
 .ARM.attributes
                0x00000af2       0x2c d:/freescale/toolchain/bin/../lib/gcc/arm-none-eabi/4.8.4/../../../../arm-none-eabi/lib/armv6-m\libg_s.a(lib_a-sbrkr.o)
 .ARM.attributes
                0x00000b1e       0x2c d:/freescale/toolchain/bin/../lib/gcc/arm-none-eabi/4.8.4/../../../../arm-none-eabi/lib/armv6-m\libg_s.a(lib_a-reent.o)
 .ARM.attributes
                0x00000b4a       0x2c d:/freescale/toolchain/bin/../lib/gcc/arm-none-eabi/4.8.4/../../../../arm-none-eabi/lib/armv6-m\libnosys.a(sbrk.o)
 .ARM.attributes
                0x00000b76       0x2c d:/freescale/toolchain/bin/../lib/gcc/arm-none-eabi/4.8.4/../../../../arm-none-eabi/lib/armv6-m\libnosys.a(_exit.o)
 .ARM.attributes
                0x00000ba2       0x2c d:/freescale/toolchain/bin/../lib/gcc/arm-none-eabi/4.8.4/armv6-m/crtend.o
 .ARM.attributes
                0x00000bce       0x1e d:/freescale/toolchain/bin/../lib/gcc/arm-none-eabi/4.8.4/armv6-m/crtn.o
                0x00000001                ASSERT ((__StackLimit >= __HeapLimit), region m_data overflowed with stack and heap)
OUTPUT(FRDM KL26Z platform.elf elf32-littlearm)

.debug_info     0x00000000     0x8c48
 .debug_info    0x00000000      0x1ae ./Sources/System/Scheduler/io_sch.o
 .debug_info    0x000001ae      0x277 ./Sources/System/Scheduler/io_sch_cnf.o
 .debug_info    0x00000425      0x3c8 ./Sources/System/Os/io_os.o
 .debug_info    0x000007ed      0x412 ./Sources/SB_Functions/SB_Main.o
 .debug_info    0x00000bff      0x209 ./Sources/Other_functions/io_func.o
 .debug_info    0x00000e08      0xdff ./Sources/MCU_drivers/Tpm/io_tpm.o
 .debug_info    0x00001c07      0x3fc ./Sources/MCU_drivers/Tpm/io_tpm_cnf.o
 .debug_info    0x00002003      0x752 ./Sources/MCU_drivers/SPI/io_spi.o
 .debug_info    0x00002755      0x257 ./Sources/MCU_drivers/SPI/io_spi_cnf.o
 .debug_info    0x000029ac      0x6c3 ./Sources/MCU_drivers/Pcs/io_pcs.o
 .debug_info    0x0000306f      0x186 ./Sources/MCU_drivers/Pcs/io_pcs_cnf.o
 .debug_info    0x000031f5      0x8c6 ./Sources/MCU_drivers/Int/io_int.o
 .debug_info    0x00003abb      0x269 ./Sources/MCU_drivers/Int/io_int_cnf.o
 .debug_info    0x00003d24      0x962 ./Sources/MCU_drivers/I2c/io_i2c.o
 .debug_info    0x00004686      0x234 ./Sources/MCU_drivers/I2c/io_i2c_cnf.o
 .debug_info    0x000048ba      0x205 ./Sources/MCU_drivers/Dio/io_dio.o
 .debug_info    0x00004abf      0x2a3 ./Sources/MCU_drivers/Car_movement/app_robo_car_movement.o
 .debug_info    0x00004d62      0xe3a ./Sources/MCU_drivers/Asy/io_asy.o
 .debug_info    0x00005b9c      0x65f ./Sources/MCU_drivers/Asy/io_asy_cnf.o
 .debug_info    0x000061fb      0x6a5 ./Sources/MCU_drivers/Adc/io_adc.o
 .debug_info    0x000068a0      0x14b ./Sources/MCU_drivers/Adc/io_adc_cnf.o
 .debug_info    0x000069eb      0x99f ./Sources/HW_drivers/Sensors/Time_of_Flight/TOF.o
 .debug_info    0x0000738a      0x177 ./Sources/HW_drivers/H-bridge/ti8833/io_hbr_cnf_ti8833.o
 .debug_info    0x00007501      0x269 ./Sources/HW_drivers/H-bridge/ti8833/io_hbr_ti8833.o
 .debug_info    0x0000776a      0x117 ./Sources/HW_drivers/Bluetooth/Bluetoth.o
 .debug_info    0x00007881      0xcdd ./Sources/main.o
 .debug_info    0x0000855e       0x85 ./Project_Settings/Startup_Code/startup_MKL26Z4.o
 .debug_info    0x000085e3      0x665 ./Project_Settings/Startup_Code/system_MKL26Z4.o

.debug_abbrev   0x00000000     0x211a
 .debug_abbrev  0x00000000       0xe4 ./Sources/System/Scheduler/io_sch.o
 .debug_abbrev  0x000000e4       0xc7 ./Sources/System/Scheduler/io_sch_cnf.o
 .debug_abbrev  0x000001ab      0x112 ./Sources/System/Os/io_os.o
 .debug_abbrev  0x000002bd      0x10c ./Sources/SB_Functions/SB_Main.o
 .debug_abbrev  0x000003c9       0xb9 ./Sources/Other_functions/io_func.o
 .debug_abbrev  0x00000482      0x248 ./Sources/MCU_drivers/Tpm/io_tpm.o
 .debug_abbrev  0x000006ca       0xf3 ./Sources/MCU_drivers/Tpm/io_tpm_cnf.o
 .debug_abbrev  0x000007bd      0x19a ./Sources/MCU_drivers/SPI/io_spi.o
 .debug_abbrev  0x00000957       0xd5 ./Sources/MCU_drivers/SPI/io_spi_cnf.o
 .debug_abbrev  0x00000a2c      0x19b ./Sources/MCU_drivers/Pcs/io_pcs.o
 .debug_abbrev  0x00000bc7       0x96 ./Sources/MCU_drivers/Pcs/io_pcs_cnf.o
 .debug_abbrev  0x00000c5d      0x1fe ./Sources/MCU_drivers/Int/io_int.o
 .debug_abbrev  0x00000e5b       0xad ./Sources/MCU_drivers/Int/io_int_cnf.o
 .debug_abbrev  0x00000f08      0x206 ./Sources/MCU_drivers/I2c/io_i2c.o
 .debug_abbrev  0x0000110e       0xd5 ./Sources/MCU_drivers/I2c/io_i2c_cnf.o
 .debug_abbrev  0x000011e3      0x100 ./Sources/MCU_drivers/Dio/io_dio.o
 .debug_abbrev  0x000012e3       0xd4 ./Sources/MCU_drivers/Car_movement/app_robo_car_movement.o
 .debug_abbrev  0x000013b7      0x2af ./Sources/MCU_drivers/Asy/io_asy.o
 .debug_abbrev  0x00001666      0x160 ./Sources/MCU_drivers/Asy/io_asy_cnf.o
 .debug_abbrev  0x000017c6      0x1e9 ./Sources/MCU_drivers/Adc/io_adc.o
 .debug_abbrev  0x000019af       0x87 ./Sources/MCU_drivers/Adc/io_adc_cnf.o
 .debug_abbrev  0x00001a36      0x243 ./Sources/HW_drivers/Sensors/Time_of_Flight/TOF.o
 .debug_abbrev  0x00001c79       0x8e ./Sources/HW_drivers/H-bridge/ti8833/io_hbr_cnf_ti8833.o
 .debug_abbrev  0x00001d07       0xe3 ./Sources/HW_drivers/H-bridge/ti8833/io_hbr_ti8833.o
 .debug_abbrev  0x00001dea       0x8b ./Sources/HW_drivers/Bluetooth/Bluetoth.o
 .debug_abbrev  0x00001e75      0x170 ./Sources/main.o
 .debug_abbrev  0x00001fe5       0x14 ./Project_Settings/Startup_Code/startup_MKL26Z4.o
 .debug_abbrev  0x00001ff9      0x121 ./Project_Settings/Startup_Code/system_MKL26Z4.o

.debug_aranges  0x00000000      0x9c8
 .debug_aranges
                0x00000000       0x28 ./Sources/System/Scheduler/io_sch.o
 .debug_aranges
                0x00000028       0x58 ./Sources/System/Scheduler/io_sch_cnf.o
 .debug_aranges
                0x00000080       0x58 ./Sources/System/Os/io_os.o
 .debug_aranges
                0x000000d8       0x78 ./Sources/SB_Functions/SB_Main.o
 .debug_aranges
                0x00000150       0x48 ./Sources/Other_functions/io_func.o
 .debug_aranges
                0x00000198       0xc8 ./Sources/MCU_drivers/Tpm/io_tpm.o
 .debug_aranges
                0x00000260       0x18 ./Sources/MCU_drivers/Tpm/io_tpm_cnf.o
 .debug_aranges
                0x00000278       0x70 ./Sources/MCU_drivers/SPI/io_spi.o
 .debug_aranges
                0x000002e8       0x18 ./Sources/MCU_drivers/SPI/io_spi_cnf.o
 .debug_aranges
                0x00000300       0x40 ./Sources/MCU_drivers/Pcs/io_pcs.o
 .debug_aranges
                0x00000340       0x18 ./Sources/MCU_drivers/Pcs/io_pcs_cnf.o
 .debug_aranges
                0x00000358      0x198 ./Sources/MCU_drivers/Int/io_int.o
 .debug_aranges
                0x000004f0       0x18 ./Sources/MCU_drivers/Int/io_int_cnf.o
 .debug_aranges
                0x00000508       0xd0 ./Sources/MCU_drivers/I2c/io_i2c.o
 .debug_aranges
                0x000005d8       0x18 ./Sources/MCU_drivers/I2c/io_i2c_cnf.o
 .debug_aranges
                0x000005f0       0x28 ./Sources/MCU_drivers/Dio/io_dio.o
 .debug_aranges
                0x00000618       0x68 ./Sources/MCU_drivers/Car_movement/app_robo_car_movement.o
 .debug_aranges
                0x00000680       0xf0 ./Sources/MCU_drivers/Asy/io_asy.o
 .debug_aranges
                0x00000770       0x50 ./Sources/MCU_drivers/Asy/io_asy_cnf.o
 .debug_aranges
                0x000007c0       0x48 ./Sources/MCU_drivers/Adc/io_adc.o
 .debug_aranges
                0x00000808       0x18 ./Sources/MCU_drivers/Adc/io_adc_cnf.o
 .debug_aranges
                0x00000820       0xd0 ./Sources/HW_drivers/Sensors/Time_of_Flight/TOF.o
 .debug_aranges
                0x000008f0       0x18 ./Sources/HW_drivers/H-bridge/ti8833/io_hbr_cnf_ti8833.o
 .debug_aranges
                0x00000908       0x38 ./Sources/HW_drivers/H-bridge/ti8833/io_hbr_ti8833.o
 .debug_aranges
                0x00000940       0x20 ./Sources/HW_drivers/Bluetooth/Bluetoth.o
 .debug_aranges
                0x00000960       0x20 ./Sources/main.o
 .debug_aranges
                0x00000980       0x20 ./Project_Settings/Startup_Code/startup_MKL26Z4.o
 .debug_aranges
                0x000009a0       0x28 ./Project_Settings/Startup_Code/system_MKL26Z4.o

.debug_ranges   0x00000000      0x7c0
 .debug_ranges  0x00000000       0x18 ./Sources/System/Scheduler/io_sch.o
 .debug_ranges  0x00000018       0x48 ./Sources/System/Scheduler/io_sch_cnf.o
 .debug_ranges  0x00000060       0x48 ./Sources/System/Os/io_os.o
 .debug_ranges  0x000000a8       0x68 ./Sources/SB_Functions/SB_Main.o
 .debug_ranges  0x00000110       0x38 ./Sources/Other_functions/io_func.o
 .debug_ranges  0x00000148       0xb8 ./Sources/MCU_drivers/Tpm/io_tpm.o
 .debug_ranges  0x00000200       0x60 ./Sources/MCU_drivers/SPI/io_spi.o
 .debug_ranges  0x00000260       0x30 ./Sources/MCU_drivers/Pcs/io_pcs.o
 .debug_ranges  0x00000290      0x188 ./Sources/MCU_drivers/Int/io_int.o
 .debug_ranges  0x00000418       0xc0 ./Sources/MCU_drivers/I2c/io_i2c.o
 .debug_ranges  0x000004d8       0x18 ./Sources/MCU_drivers/Dio/io_dio.o
 .debug_ranges  0x000004f0       0x58 ./Sources/MCU_drivers/Car_movement/app_robo_car_movement.o
 .debug_ranges  0x00000548       0xe0 ./Sources/MCU_drivers/Asy/io_asy.o
 .debug_ranges  0x00000628       0x40 ./Sources/MCU_drivers/Asy/io_asy_cnf.o
 .debug_ranges  0x00000668       0x38 ./Sources/MCU_drivers/Adc/io_adc.o
 .debug_ranges  0x000006a0       0xc0 ./Sources/HW_drivers/Sensors/Time_of_Flight/TOF.o
 .debug_ranges  0x00000760       0x28 ./Sources/HW_drivers/H-bridge/ti8833/io_hbr_ti8833.o
 .debug_ranges  0x00000788       0x10 ./Sources/HW_drivers/Bluetooth/Bluetoth.o
 .debug_ranges  0x00000798       0x10 ./Sources/main.o
 .debug_ranges  0x000007a8       0x18 ./Project_Settings/Startup_Code/system_MKL26Z4.o

.debug_macro    0x00000000     0xbba9
 .debug_macro   0x00000000       0xd5 ./Sources/System/Scheduler/io_sch.o
 .debug_macro   0x000000d5      0x802 ./Sources/System/Scheduler/io_sch.o
 .debug_macro   0x000008d7       0x16 ./Sources/System/Scheduler/io_sch.o
 .debug_macro   0x000008ed       0x16 ./Sources/System/Scheduler/io_sch.o
 .debug_macro   0x00000903       0x44 ./Sources/System/Scheduler/io_sch.o
 .debug_macro   0x00000947      0x209 ./Sources/System/Scheduler/io_sch.o
 .debug_macro   0x00000b50       0x3a ./Sources/System/Scheduler/io_sch.o
 .debug_macro   0x00000b8a       0x3a ./Sources/System/Scheduler/io_sch.o
 .debug_macro   0x00000bc4       0x1f ./Sources/System/Scheduler/io_sch.o
 .debug_macro   0x00000be3      0x250 ./Sources/System/Scheduler/io_sch.o
 .debug_macro   0x00000e33       0xd1 ./Sources/System/Scheduler/io_sch.o
 .debug_macro   0x00000f04     0x5e68 ./Sources/System/Scheduler/io_sch.o
 .debug_macro   0x00006d6c       0x58 ./Sources/System/Scheduler/io_sch.o
 .debug_macro   0x00006dc4       0x52 ./Sources/System/Scheduler/io_sch.o
 .debug_macro   0x00006e16       0x3a ./Sources/System/Scheduler/io_sch.o
 .debug_macro   0x00006e50       0x82 ./Sources/System/Scheduler/io_sch.o
 .debug_macro   0x00006ed2      0x357 ./Sources/System/Scheduler/io_sch_cnf.o
 .debug_macro   0x00007229       0x34 ./Sources/System/Scheduler/io_sch_cnf.o
 .debug_macro   0x0000725d       0x10 ./Sources/System/Scheduler/io_sch_cnf.o
 .debug_macro   0x0000726d      0x11e ./Sources/System/Scheduler/io_sch_cnf.o
 .debug_macro   0x0000738b      0x2df ./Sources/System/Scheduler/io_sch_cnf.o
 .debug_macro   0x0000766a      0x5b0 ./Sources/System/Scheduler/io_sch_cnf.o
 .debug_macro   0x00007c1a      0x23f ./Sources/System/Scheduler/io_sch_cnf.o
 .debug_macro   0x00007e59       0x2e ./Sources/System/Scheduler/io_sch_cnf.o
 .debug_macro   0x00007e87      0x196 ./Sources/System/Scheduler/io_sch_cnf.o
 .debug_macro   0x0000801d       0x16 ./Sources/System/Scheduler/io_sch_cnf.o
 .debug_macro   0x00008033       0x16 ./Sources/System/Scheduler/io_sch_cnf.o
 .debug_macro   0x00008049       0xee ./Sources/System/Scheduler/io_sch_cnf.o
 .debug_macro   0x00008137      0x13d ./Sources/System/Scheduler/io_sch_cnf.o
 .debug_macro   0x00008274       0x28 ./Sources/System/Scheduler/io_sch_cnf.o
 .debug_macro   0x0000829c       0x40 ./Sources/System/Scheduler/io_sch_cnf.o
 .debug_macro   0x000082dc       0x1c ./Sources/System/Scheduler/io_sch_cnf.o
 .debug_macro   0x000082f8       0x58 ./Sources/System/Scheduler/io_sch_cnf.o
 .debug_macro   0x00008350       0x35 ./Sources/System/Scheduler/io_sch_cnf.o
 .debug_macro   0x00008385       0xa3 ./Sources/System/Scheduler/io_sch_cnf.o
 .debug_macro   0x00008428       0x16 ./Sources/System/Scheduler/io_sch_cnf.o
 .debug_macro   0x0000843e       0x97 ./Sources/System/Scheduler/io_sch_cnf.o
 .debug_macro   0x000084d5       0x10 ./Sources/System/Scheduler/io_sch_cnf.o
 .debug_macro   0x000084e5       0xef ./Sources/System/Scheduler/io_sch_cnf.o
 .debug_macro   0x000085d4       0x52 ./Sources/System/Scheduler/io_sch_cnf.o
 .debug_macro   0x00008626       0x16 ./Sources/System/Scheduler/io_sch_cnf.o
 .debug_macro   0x0000863c       0x43 ./Sources/System/Scheduler/io_sch_cnf.o
 .debug_macro   0x0000867f      0x180 ./Sources/System/Scheduler/io_sch_cnf.o
 .debug_macro   0x000087ff       0x10 ./Sources/System/Scheduler/io_sch_cnf.o
 .debug_macro   0x0000880f       0x22 ./Sources/System/Scheduler/io_sch_cnf.o
 .debug_macro   0x00008831       0xbd ./Sources/System/Scheduler/io_sch_cnf.o
 .debug_macro   0x000088ee       0x16 ./Sources/System/Scheduler/io_sch_cnf.o
 .debug_macro   0x00008904      0x14a ./Sources/System/Scheduler/io_sch_cnf.o
 .debug_macro   0x00008a4e       0x2e ./Sources/System/Scheduler/io_sch_cnf.o
 .debug_macro   0x00008a7c       0x6a ./Sources/System/Scheduler/io_sch_cnf.o
 .debug_macro   0x00008ae6       0x82 ./Sources/System/Scheduler/io_sch_cnf.o
 .debug_macro   0x00008b68       0x64 ./Sources/System/Scheduler/io_sch_cnf.o
 .debug_macro   0x00008bcc       0x34 ./Sources/System/Scheduler/io_sch_cnf.o
 .debug_macro   0x00008c00      0x194 ./Sources/System/Os/io_os.o
 .debug_macro   0x00008d94      0x38e ./Sources/SB_Functions/SB_Main.o
 .debug_macro   0x00009122       0x2e ./Sources/SB_Functions/SB_Main.o
 .debug_macro   0x00009150       0x22 ./Sources/SB_Functions/SB_Main.o
 .debug_macro   0x00009172      0x160 ./Sources/SB_Functions/SB_Main.o
 .debug_macro   0x000092d2       0x58 ./Sources/SB_Functions/SB_Main.o
 .debug_macro   0x0000932a       0x2e ./Sources/SB_Functions/SB_Main.o
 .debug_macro   0x00009358       0x3a ./Sources/SB_Functions/SB_Main.o
 .debug_macro   0x00009392       0x9a ./Sources/SB_Functions/SB_Main.o
 .debug_macro   0x0000942c       0xde ./Sources/SB_Functions/SB_Main.o
 .debug_macro   0x0000950a       0x10 ./Sources/SB_Functions/SB_Main.o
 .debug_macro   0x0000951a       0xca ./Sources/Other_functions/io_func.o
 .debug_macro   0x000095e4      0x227 ./Sources/MCU_drivers/Tpm/io_tpm.o
 .debug_macro   0x0000980b       0x16 ./Sources/MCU_drivers/Tpm/io_tpm.o
 .debug_macro   0x00009821      0x10e ./Sources/MCU_drivers/Tpm/io_tpm.o
 .debug_macro   0x0000992f       0x7f ./Sources/MCU_drivers/Tpm/io_tpm.o
 .debug_macro   0x000099ae       0x4a ./Sources/MCU_drivers/Tpm/io_tpm.o
 .debug_macro   0x000099f8       0x22 ./Sources/MCU_drivers/Tpm/io_tpm.o
 .debug_macro   0x00009a1a      0x20f ./Sources/MCU_drivers/Tpm/io_tpm.o
 .debug_macro   0x00009c29       0xfb ./Sources/MCU_drivers/Tpm/io_tpm_cnf.o
 .debug_macro   0x00009d24      0x111 ./Sources/MCU_drivers/SPI/io_spi.o
 .debug_macro   0x00009e35      0x111 ./Sources/MCU_drivers/SPI/io_spi_cnf.o
 .debug_macro   0x00009f46      0x185 ./Sources/MCU_drivers/Pcs/io_pcs.o
 .debug_macro   0x0000a0cb       0xd9 ./Sources/MCU_drivers/Pcs/io_pcs_cnf.o
 .debug_macro   0x0000a1a4      0x17d ./Sources/MCU_drivers/Int/io_int.o
 .debug_macro   0x0000a321      0x17d ./Sources/MCU_drivers/Int/io_int_cnf.o
 .debug_macro   0x0000a49e      0x18b ./Sources/MCU_drivers/I2c/io_i2c.o
 .debug_macro   0x0000a629      0x181 ./Sources/MCU_drivers/I2c/io_i2c_cnf.o
 .debug_macro   0x0000a7aa       0xfa ./Sources/MCU_drivers/Dio/io_dio.o
 .debug_macro   0x0000a8a4      0x10d ./Sources/MCU_drivers/Car_movement/app_robo_car_movement.o
 .debug_macro   0x0000a9b1      0x194 ./Sources/MCU_drivers/Asy/io_asy.o
 .debug_macro   0x0000ab45      0x16e ./Sources/MCU_drivers/Asy/io_asy_cnf.o
 .debug_macro   0x0000acb3      0x1c4 ./Sources/MCU_drivers/Adc/io_adc.o
 .debug_macro   0x0000ae77       0xed ./Sources/MCU_drivers/Adc/io_adc_cnf.o
 .debug_macro   0x0000af64      0x1c8 ./Sources/HW_drivers/Sensors/Time_of_Flight/TOF.o
 .debug_macro   0x0000b12c      0x182 ./Sources/HW_drivers/H-bridge/ti8833/io_hbr_cnf_ti8833.o
 .debug_macro   0x0000b2ae      0x27d ./Sources/HW_drivers/H-bridge/ti8833/io_hbr_ti8833.o
 .debug_macro   0x0000b52b      0x17d ./Sources/HW_drivers/Bluetooth/Bluetoth.o
 .debug_macro   0x0000b6a8       0x52 ./Sources/HW_drivers/Bluetooth/Bluetoth.o
 .debug_macro   0x0000b6fa       0x28 ./Sources/HW_drivers/Bluetooth/Bluetoth.o
 .debug_macro   0x0000b722      0x3bd ./Sources/main.o
 .debug_macro   0x0000badf       0x7e ./Project_Settings/Startup_Code/system_MKL26Z4.o
 .debug_macro   0x0000bb5d       0x4c ./Project_Settings/Startup_Code/system_MKL26Z4.o

.debug_line     0x00000000     0x7b94
 .debug_line    0x00000000      0x2a4 ./Sources/System/Scheduler/io_sch.o
 .debug_line    0x000002a4      0x6f2 ./Sources/System/Scheduler/io_sch_cnf.o
 .debug_line    0x00000996      0x4f0 ./Sources/System/Os/io_os.o
 .debug_line    0x00000e86      0x79b ./Sources/SB_Functions/SB_Main.o
 .debug_line    0x00001621      0x2b2 ./Sources/Other_functions/io_func.o
 .debug_line    0x000018d3      0x6ea ./Sources/MCU_drivers/Tpm/io_tpm.o
 .debug_line    0x00001fbd      0x289 ./Sources/MCU_drivers/Tpm/io_tpm_cnf.o
 .debug_line    0x00002246      0x3e8 ./Sources/MCU_drivers/SPI/io_spi.o
 .debug_line    0x0000262e      0x2b0 ./Sources/MCU_drivers/SPI/io_spi_cnf.o
 .debug_line    0x000028de      0x453 ./Sources/MCU_drivers/Pcs/io_pcs.o
 .debug_line    0x00002d31      0x252 ./Sources/MCU_drivers/Pcs/io_pcs_cnf.o
 .debug_line    0x00002f83      0x737 ./Sources/MCU_drivers/Int/io_int.o
 .debug_line    0x000036ba      0x391 ./Sources/MCU_drivers/Int/io_int_cnf.o
 .debug_line    0x00003a4b      0x608 ./Sources/MCU_drivers/I2c/io_i2c.o
 .debug_line    0x00004053      0x3a8 ./Sources/MCU_drivers/I2c/io_i2c_cnf.o
 .debug_line    0x000043fb      0x2cf ./Sources/MCU_drivers/Dio/io_dio.o
 .debug_line    0x000046ca      0x3b3 ./Sources/MCU_drivers/Car_movement/app_robo_car_movement.o
 .debug_line    0x00004a7d      0x7a2 ./Sources/MCU_drivers/Asy/io_asy.o
 .debug_line    0x0000521f      0x419 ./Sources/MCU_drivers/Asy/io_asy_cnf.o
 .debug_line    0x00005638      0x44e ./Sources/MCU_drivers/Adc/io_adc.o
 .debug_line    0x00005a86      0x27a ./Sources/MCU_drivers/Adc/io_adc_cnf.o
 .debug_line    0x00005d00      0x7be ./Sources/HW_drivers/Sensors/Time_of_Flight/TOF.o
 .debug_line    0x000064be      0x3ad ./Sources/HW_drivers/H-bridge/ti8833/io_hbr_cnf_ti8833.o
 .debug_line    0x0000686b      0x57e ./Sources/HW_drivers/H-bridge/ti8833/io_hbr_ti8833.o
 .debug_line    0x00006de9      0x3ca ./Sources/HW_drivers/Bluetooth/Bluetoth.o
 .debug_line    0x000071b3      0x6f5 ./Sources/main.o
 .debug_line    0x000078a8       0x85 ./Project_Settings/Startup_Code/startup_MKL26Z4.o
 .debug_line    0x0000792d      0x267 ./Project_Settings/Startup_Code/system_MKL26Z4.o

.debug_str      0x00000000    0x2ef08
 .debug_str     0x00000000    0x2101f ./Sources/System/Scheduler/io_sch.o
                              0x213c3 (size before relaxing)
 .debug_str     0x0002101f     0x9b52 ./Sources/System/Scheduler/io_sch_cnf.o
                              0x2af43 (size before relaxing)
 .debug_str     0x0002ab71      0x1e6 ./Sources/System/Os/io_os.o
                              0x27602 (size before relaxing)
 .debug_str     0x0002ad57     0x15e0 ./Sources/SB_Functions/SB_Main.o
                              0x2bea4 (size before relaxing)
 .debug_str     0x0002c337       0x9c ./Sources/Other_functions/io_func.o
                              0x21375 (size before relaxing)
 .debug_str     0x0002c3d3      0x74d ./Sources/MCU_drivers/Tpm/io_tpm.o
                              0x295b3 (size before relaxing)
 .debug_str     0x0002cb20       0x53 ./Sources/MCU_drivers/Tpm/io_tpm_cnf.o
                              0x26815 (size before relaxing)
 .debug_str     0x0002cb73      0x22a ./Sources/MCU_drivers/SPI/io_spi.o
                              0x259d2 (size before relaxing)
 .debug_str     0x0002cd9d       0x39 ./Sources/MCU_drivers/SPI/io_spi_cnf.o
                              0x257d6 (size before relaxing)
 .debug_str     0x0002cdd6      0x1e4 ./Sources/MCU_drivers/Pcs/io_pcs.o
                              0x27653 (size before relaxing)
 .debug_str     0x0002cfba       0x42 ./Sources/MCU_drivers/Pcs/io_pcs_cnf.o
                              0x25457 (size before relaxing)
 .debug_str     0x0002cffc      0x523 ./Sources/MCU_drivers/Int/io_int.o
                              0x27a2f (size before relaxing)
 .debug_str     0x0002d51f       0x47 ./Sources/MCU_drivers/Int/io_int_cnf.o
                              0x275f6 (size before relaxing)
 .debug_str     0x0002d566      0x28b ./Sources/MCU_drivers/I2c/io_i2c.o
                              0x27201 (size before relaxing)
 .debug_str     0x0002d7f1       0x39 ./Sources/MCU_drivers/I2c/io_i2c_cnf.o
                              0x26f2f (size before relaxing)
 .debug_str     0x0002d82a       0x62 ./Sources/MCU_drivers/Dio/io_dio.o
                              0x2547a (size before relaxing)
 .debug_str     0x0002d88c      0x21c ./Sources/MCU_drivers/Car_movement/app_robo_car_movement.o
                              0x22814 (size before relaxing)
 .debug_str     0x0002daa8      0x62a ./Sources/MCU_drivers/Asy/io_asy.o
                              0x27598 (size before relaxing)
 .debug_str     0x0002e0d2      0x11d ./Sources/MCU_drivers/Asy/io_asy_cnf.o
                              0x271ab (size before relaxing)
 .debug_str     0x0002e1ef      0x396 ./Sources/MCU_drivers/Adc/io_adc.o
                              0x27d42 (size before relaxing)
 .debug_str     0x0002e585       0x54 ./Sources/MCU_drivers/Adc/io_adc_cnf.o
                              0x21955 (size before relaxing)
 .debug_str     0x0002e5d9      0x5ed ./Sources/HW_drivers/Sensors/Time_of_Flight/TOF.o
                              0x27e79 (size before relaxing)
 .debug_str     0x0002ebc6      0x116 ./Sources/HW_drivers/H-bridge/ti8833/io_hbr_cnf_ti8833.o
                              0x274a4 (size before relaxing)
 .debug_str     0x0002ecdc       0xe4 ./Sources/HW_drivers/H-bridge/ti8833/io_hbr_ti8833.o
                              0x29e00 (size before relaxing)
 .debug_str     0x0002edc0       0x3b ./Sources/HW_drivers/Bluetooth/Bluetoth.o
                              0x26ed8 (size before relaxing)
 .debug_str     0x0002edfb       0x17 ./Sources/main.o
                              0x2c27b (size before relaxing)
 .debug_str     0x0002ee12       0xf6 ./Project_Settings/Startup_Code/system_MKL26Z4.o
                              0x21070 (size before relaxing)

.comment        0x00000000       0x70
 .comment       0x00000000       0x70 ./Sources/System/Scheduler/io_sch.o
                                 0x71 (size before relaxing)
 .comment       0x00000000       0x71 ./Sources/System/Scheduler/io_sch_cnf.o
 .comment       0x00000000       0x71 ./Sources/System/Os/io_os.o
 .comment       0x00000000       0x71 ./Sources/SB_Functions/SB_Main.o
 .comment       0x00000000       0x71 ./Sources/Other_functions/io_func.o
 .comment       0x00000000       0x71 ./Sources/MCU_drivers/Tpm/io_tpm.o
 .comment       0x00000000       0x71 ./Sources/MCU_drivers/Tpm/io_tpm_cnf.o
 .comment       0x00000000       0x71 ./Sources/MCU_drivers/SPI/io_spi.o
 .comment       0x00000000       0x71 ./Sources/MCU_drivers/SPI/io_spi_cnf.o
 .comment       0x00000000       0x71 ./Sources/MCU_drivers/Pcs/io_pcs.o
 .comment       0x00000000       0x71 ./Sources/MCU_drivers/Pcs/io_pcs_cnf.o
 .comment       0x00000000       0x71 ./Sources/MCU_drivers/Int/io_int.o
 .comment       0x00000000       0x71 ./Sources/MCU_drivers/Int/io_int_cnf.o
 .comment       0x00000000       0x71 ./Sources/MCU_drivers/I2c/io_i2c.o
 .comment       0x00000000       0x71 ./Sources/MCU_drivers/I2c/io_i2c_cnf.o
 .comment       0x00000000       0x71 ./Sources/MCU_drivers/Dio/io_dio.o
 .comment       0x00000000       0x71 ./Sources/MCU_drivers/Car_movement/app_robo_car_movement.o
 .comment       0x00000000       0x71 ./Sources/MCU_drivers/Asy/io_asy.o
 .comment       0x00000000       0x71 ./Sources/MCU_drivers/Asy/io_asy_cnf.o
 .comment       0x00000000       0x71 ./Sources/MCU_drivers/Adc/io_adc.o
 .comment       0x00000000       0x71 ./Sources/MCU_drivers/Adc/io_adc_cnf.o
 .comment       0x00000000       0x71 ./Sources/HW_drivers/Sensors/Time_of_Flight/TOF.o
 .comment       0x00000000       0x71 ./Sources/HW_drivers/H-bridge/ti8833/io_hbr_cnf_ti8833.o
 .comment       0x00000000       0x71 ./Sources/HW_drivers/H-bridge/ti8833/io_hbr_ti8833.o
 .comment       0x00000000       0x71 ./Sources/HW_drivers/Bluetooth/Bluetoth.o
 .comment       0x00000000       0x71 ./Sources/main.o
 .comment       0x00000000       0x71 ./Project_Settings/Startup_Code/system_MKL26Z4.o

.debug_frame    0x00000000     0x2248
 .debug_frame   0x00000000       0x50 ./Sources/System/Scheduler/io_sch.o
 .debug_frame   0x00000050       0xf0 ./Sources/System/Scheduler/io_sch_cnf.o
 .debug_frame   0x00000140      0x10c ./Sources/System/Os/io_os.o
 .debug_frame   0x0000024c      0x170 ./Sources/SB_Functions/SB_Main.o
 .debug_frame   0x000003bc       0xd0 ./Sources/Other_functions/io_func.o
 .debug_frame   0x0000048c      0x2d4 ./Sources/MCU_drivers/Tpm/io_tpm.o
 .debug_frame   0x00000760      0x16c ./Sources/MCU_drivers/SPI/io_spi.o
 .debug_frame   0x000008cc       0xb0 ./Sources/MCU_drivers/Pcs/io_pcs.o
 .debug_frame   0x0000097c      0x574 ./Sources/MCU_drivers/Int/io_int.o
 .debug_frame   0x00000ef0      0x2ec ./Sources/MCU_drivers/I2c/io_i2c.o
 .debug_frame   0x000011dc       0x50 ./Sources/MCU_drivers/Dio/io_dio.o
 .debug_frame   0x0000122c      0x144 ./Sources/MCU_drivers/Car_movement/app_robo_car_movement.o
 .debug_frame   0x00001370      0x364 ./Sources/MCU_drivers/Asy/io_asy.o
 .debug_frame   0x000016d4       0xf0 ./Sources/MCU_drivers/Asy/io_asy_cnf.o
 .debug_frame   0x000017c4       0xcc ./Sources/MCU_drivers/Adc/io_adc.o
 .debug_frame   0x00001890      0x2dc ./Sources/HW_drivers/Sensors/Time_of_Flight/TOF.o
 .debug_frame   0x00001b6c       0x90 ./Sources/HW_drivers/H-bridge/ti8833/io_hbr_ti8833.o
 .debug_frame   0x00001bfc       0x2c ./Sources/HW_drivers/Bluetooth/Bluetoth.o
 .debug_frame   0x00001c28       0x2c ./Sources/main.o
 .debug_frame   0x00001c54       0x4c ./Project_Settings/Startup_Code/system_MKL26Z4.o
 .debug_frame   0x00001ca0       0x20 d:/freescale/toolchain/bin/../lib/gcc/arm-none-eabi/4.8.4/armv6-m\libgcc.a(_udivsi3.o)
 .debug_frame   0x00001cc0       0x20 d:/freescale/toolchain/bin/../lib/gcc/arm-none-eabi/4.8.4/armv6-m\libgcc.a(_divsi3.o)
 .debug_frame   0x00001ce0       0x28 d:/freescale/toolchain/bin/../lib/gcc/arm-none-eabi/4.8.4/armv6-m\libgcc.a(_fixunssfsi.o)
 .debug_frame   0x00001d08       0x2c d:/freescale/toolchain/bin/../lib/gcc/arm-none-eabi/4.8.4/armv6-m\libgcc.a(_fixunsdfsi.o)
 .debug_frame   0x00001d34       0x2c d:/freescale/toolchain/bin/../lib/gcc/arm-none-eabi/4.8.4/armv6-m\libgcc.a(eqsf2.o)
 .debug_frame   0x00001d60       0x30 d:/freescale/toolchain/bin/../lib/gcc/arm-none-eabi/4.8.4/armv6-m\libgcc.a(gesf2.o)
 .debug_frame   0x00001d90       0x30 d:/freescale/toolchain/bin/../lib/gcc/arm-none-eabi/4.8.4/armv6-m\libgcc.a(lesf2.o)
 .debug_frame   0x00001dc0       0x3c d:/freescale/toolchain/bin/../lib/gcc/arm-none-eabi/4.8.4/armv6-m\libgcc.a(mulsf3.o)
 .debug_frame   0x00001dfc       0x30 d:/freescale/toolchain/bin/../lib/gcc/arm-none-eabi/4.8.4/armv6-m\libgcc.a(subsf3.o)
 .debug_frame   0x00001e2c       0x20 d:/freescale/toolchain/bin/../lib/gcc/arm-none-eabi/4.8.4/armv6-m\libgcc.a(fixsfsi.o)
 .debug_frame   0x00001e4c       0x3c d:/freescale/toolchain/bin/../lib/gcc/arm-none-eabi/4.8.4/armv6-m\libgcc.a(divdf3.o)
 .debug_frame   0x00001e88       0x3c d:/freescale/toolchain/bin/../lib/gcc/arm-none-eabi/4.8.4/armv6-m\libgcc.a(eqdf2.o)
 .debug_frame   0x00001ec4       0x38 d:/freescale/toolchain/bin/../lib/gcc/arm-none-eabi/4.8.4/armv6-m\libgcc.a(gedf2.o)
 .debug_frame   0x00001efc       0x3c d:/freescale/toolchain/bin/../lib/gcc/arm-none-eabi/4.8.4/armv6-m\libgcc.a(ledf2.o)
 .debug_frame   0x00001f38       0x3c d:/freescale/toolchain/bin/../lib/gcc/arm-none-eabi/4.8.4/armv6-m\libgcc.a(muldf3.o)
 .debug_frame   0x00001f74       0x3c d:/freescale/toolchain/bin/../lib/gcc/arm-none-eabi/4.8.4/armv6-m\libgcc.a(subdf3.o)
 .debug_frame   0x00001fb0       0x2c d:/freescale/toolchain/bin/../lib/gcc/arm-none-eabi/4.8.4/armv6-m\libgcc.a(fixdfsi.o)
 .debug_frame   0x00001fdc       0x30 d:/freescale/toolchain/bin/../lib/gcc/arm-none-eabi/4.8.4/armv6-m\libgcc.a(floatsidf.o)
 .debug_frame   0x0000200c       0x28 d:/freescale/toolchain/bin/../lib/gcc/arm-none-eabi/4.8.4/armv6-m\libgcc.a(floatunsidf.o)
 .debug_frame   0x00002034       0x2c d:/freescale/toolchain/bin/../lib/gcc/arm-none-eabi/4.8.4/armv6-m\libgcc.a(extendsfdf2.o)
 .debug_frame   0x00002060       0x28 d:/freescale/toolchain/bin/../lib/gcc/arm-none-eabi/4.8.4/../../../../arm-none-eabi/lib/armv6-m\libg_s.a(lib_a-calloc.o)
 .debug_frame   0x00002088       0x28 d:/freescale/toolchain/bin/../lib/gcc/arm-none-eabi/4.8.4/../../../../arm-none-eabi/lib/armv6-m\libg_s.a(lib_a-exit.o)
 .debug_frame   0x000020b0       0x2c d:/freescale/toolchain/bin/../lib/gcc/arm-none-eabi/4.8.4/../../../../arm-none-eabi/lib/armv6-m\libg_s.a(lib_a-init.o)
 .debug_frame   0x000020dc       0x40 d:/freescale/toolchain/bin/../lib/gcc/arm-none-eabi/4.8.4/../../../../arm-none-eabi/lib/armv6-m\libg_s.a(lib_a-malloc.o)
 .debug_frame   0x0000211c       0x20 d:/freescale/toolchain/bin/../lib/gcc/arm-none-eabi/4.8.4/../../../../arm-none-eabi/lib/armv6-m\libg_s.a(lib_a-memset.o)
 .debug_frame   0x0000213c       0x2c d:/freescale/toolchain/bin/../lib/gcc/arm-none-eabi/4.8.4/../../../../arm-none-eabi/lib/armv6-m\libg_s.a(lib_a-nano-callocr.o)
 .debug_frame   0x00002168       0x2c d:/freescale/toolchain/bin/../lib/gcc/arm-none-eabi/4.8.4/../../../../arm-none-eabi/lib/armv6-m\libg_s.a(lib_a-nano-mallocr.o)
 .debug_frame   0x00002194       0x2c d:/freescale/toolchain/bin/../lib/gcc/arm-none-eabi/4.8.4/../../../../arm-none-eabi/lib/armv6-m\libg_s.a(lib_a-sbrkr.o)
 .debug_frame   0x000021c0       0x48 d:/freescale/toolchain/bin/../lib/gcc/arm-none-eabi/4.8.4/../../../../arm-none-eabi/lib/armv6-m\libg_s.a(lib_a-reent.o)
 .debug_frame   0x00002208       0x20 d:/freescale/toolchain/bin/../lib/gcc/arm-none-eabi/4.8.4/../../../../arm-none-eabi/lib/armv6-m\libnosys.a(sbrk.o)
 .debug_frame   0x00002228       0x20 d:/freescale/toolchain/bin/../lib/gcc/arm-none-eabi/4.8.4/../../../../arm-none-eabi/lib/armv6-m\libnosys.a(_exit.o)
